
/ # 
/ # 
/ # ls
[  496.218893] type=1400 audit(11050.076:36): avc: denied { append } for pid=3085 comm="sh" name=".ash_history" dev="mmcblk0p24" ino=23734 scontext=system_u:system_r:getty_t:s0-s15:c0.c1023 tcontext=system_u:object_r:root_t:s0 tclass=file permissive=1
WEBSERVER   data      home	  mnt		   sbin    systemrw  vendor
bin	    dev       lib	  persist	   sdcard  target
boot	    dsp       linuxrc	  proc		   share   tmp
build.prop  etc       lost+found  recoveryupgrade  sys	   usr
cache	    firmware  media	  run		   system  var
/ # cd cache
/cache # [  499.580330] type=1400 audit(11053.436:37): avc: denied { search } for pid=3085 comm="sh" name="/" dev="mmcblk0p25" ino=2 scontext=system_u:system_r:getty_t:s0-s15:c0.c1023 tcontext=system_u:object_r:cache_t:s0 tclass=dir permissive=1
cd perrec/cache # cd recoveryupgrade/[  504.045342] type=1400 audit(11057.906:38): avc: denied { getattr } for pid=3085 comm="sh" path="/cache" dev="mmcblk0p25" ino=2 scontext=system_u:system_r:getty_t:s0-s15:c0.c1023 tcontext=system_u:object_r:cache_t:s0 tclass=dir permissive=1
[  504.047070] type=1400 audit(11057.906:39): avc: denied { read } for pid=3085 comm="sh" name="/" dev="mmcblk0p25" ino=2 scontext=system_u:system_r:getty_t:s0-s15:c0.c1023 tcontext=system_u:object_r:cache_t:s0 tclass=dir permissive=1
[  504.068206] type=1400 audit(11057.906:40): avc: denied { open } for pid=3085 comm="sh" path="/cache" dev="mmcblk0p25" ino=2 scontext=system_u:system_r:getty_t:s0-s15:c0.c1023 tcontext=system_u:object_r:cache_t:s0 tclass=dir permissive=1

/cache/recoveryupgrade # ls
log
/cache/recoveryupgrade # cd ..
/cache # ls
lost+found  recoveryupgrade
/cache # mkdir recov/cache # mkdir recoveryupgrade/
[  514.914321] type=1400 audit(11068.776:41): avc: denied { write } for pid=7731 comm="mkdir" name="/" dev="mmcblk0p25" ino=2 scontext=system_u:system_r:getty_t:s0-s15:c0.c1023 tcontext=system_u:object_r:cache_t:s0 tclass=dir permissive=1
[  514.914934] type=1400 audit(11068.776:42): avc: denied { add_name } for pid=7731 comm="mkdir" name="recovery" scontext=system_u:system_r:getty_t:s0-s15:c0.c1023 tcontext=system_u:object_r:cache_t:s0 tclass=dir permissive=1
[  514.934371] type=1400 audit(11068.776:43): avc: denied { create } for pid=7731 comm="mkdir" name="recovery" scontext=system_u:system_r:getty_t:s0-s15:c0.c1023 tcontext=system_u:object_r:cache_t:s0 tclass=dir permissive=1
/cache # cd  reco/cache # cd  recovery
/cache/recovery # ls
/cache/recovery # 
/cache/recovery # 
/cache/recovery # ls /mnt/sdcar/
ls: cannot access /mnt/sdcar/: No such file or directory
/cache/recovery # /cache/recovery # ls /mnt/sdcar/d
[  527.453584] type=1400 audit(11081.316:44): avc: denied { getattr } for pid=7820 comm="ls" path="/mnt/sdcard" dev="mmcblk1p1" ino=1 scontext=system_u:system_r:getty_t:s0-s15:c0.c1023 tcontext=system_u:object_r:dosfs_t:s0 tclass=dir permissive=1
[  527.454558] type=1400 audit(11081.316:45): avc: denied { read } for pid=7820 comm="ls" name="/" dev="mmcblk1p1" ino=1 scontext=system_u:system_r:getty_t:s0-s15:c0.c1023 tcontext=system_u:object_r:dosfs_t:s0 tclass=dir permissive=1
[  527.474237] type=1400 audit(11081.316:46): avc: denied { open } for pid=7820 comm="ls" path="/mnt/sdcard" dev="mmcblk1p1" ino=1 scontext=system_u:system_r:getty_t:s0-s15:c0.c1023 tcontext=system_u:object_r:dosfs_t:s0 tclass=dir permissive=1
System Volume Information  update.zip
/cache/recovery # 
/cache/recovery # 
/cache/recovery # cd recho -"--update_package=/mnt/sdcar/update.zip" > command
/cache/recovery # [  619.009961] type=1400 audit(11172.876:47): avc: denied { create } for pid=3085 comm="sh" name="command" scontext=system_u:system_r:getty_t:s0-s15:c0.c1023 tcontext=system_u:object_r:cache_t:s0 tclass=file permissive=1
[  619.010585] type=1400 audit(11172.876:48): avc: denied { write open } for pid=3085 comm="sh" path="/cache/recovery/command" dev="mmcblk0p25" ino=29890 scontext=system_u:system_r:getty_t:s0-s15:c0.c1023 tcontext=system_u:object_r:cache_t:s0 tclass=file permissive=1

/cache/recovery # [  638.100895] sysrq: SysRq : Emergency Remount R/O
[  638.105697] EXT4-fs (mmcblk0p51): re-mounted. Opts: (null)
[  638.109992] EXT4-fs (mmcblk0p25): re-mounted. Opts: (null)
[  638.113442] EXT4-fs (mmcblk0p18): re-mounted. Opts: (null)
[  638.121281] EXT4-fs (mmcblk0p52): re-mounted. Opts: (null)
[  638.133698] EXT4-fs (mmcblk0p24): re-mounted. Opts: (null)
[  638.137637] Emergency Remount complete
[  638.242193] mdss_fb_release_all: try to close unopened fb 2! from pid:2663 name:adbd
[  638.242258] mdss_fb_release_all: try to close unopened fb 1! from pid:2663 name:adbd
[  638.249217] mdss_mdp_overlay_release: Unable to unset pipe(s) ndx=0x8 unset=0x0
[  638.531790] reboot: Restarting system with command 'recovery
Format: Log Type - Time(microsec) - Message - Optional Info
Log Type: B - Since Boot(Power On Reset),  D - Delta,  S - Statistic
S - QC_IMAGE_VERSION_STRING=BOOT.BF.3.3.2-00075
S - IMAGE_VARIANT_STRING=JAASANAZA
S - OEM_IMAGE_VERSION_STRING=HF-DEMPSEY
S - Secure Boot: Off
S - JTAG ID @ 0x000a4120 = 0x5480009a
S - Serial Number @ 0x000a4128 = 0x0b6d9fd0
S - OEM Config Row 0 @ 0x000a4150 = 0x000000002c000000
S - OEM Config Row 1 @ 0x000a4158 = 0x0000000000000000
S - Feature Config Row 0 @ 0x000a4160 = 0x0107a04000100100
S - Feature Config Row 1 @ 0x000a4168 = 0x02c2f80305000805
S - Boot Config, 0x000000e1
B -       269 - PBL, Start
B -      3144 - bootable_media_detect_entry, Start
B -     48320 - bootable_media_detect_success, Start
B -     48326 - elf_loader_entry, Start
B -     49934 - auth_hash_seg_entry, Start
B -     50228 - auth_hash_seg_exit, Start
B -     84721 - elf_segs_hash_verify_entry, Start
B -    235905 - PBL, End
B -    246592 - SBL1, Start
B -    331108 - pm_device_init, Start
B -    334097 - PON REASON: PM0=0x200000001 
B -    334920 - pm_sbl_pre_config:Done
B -    351787 - PM_SET_VAL:Skip
D -     21899 - pm_device_init, Delta
B -    353037 - usb: hs_phy_nondrive_start
B -    355935 - usb: hs_phy_nondrive_finish
B -    359473 - boot_flash_init, Start
D -         0 - boot_flash_init, Delta
B -    366366 - boot_config_data_table_init, Start
D -      4361 - boot_config_data_table_init, Delta - (0 Bytes)
B -    376370 - CDT version:3,Platform ID:8,Major ID:1,Minor ID:0,Subtype:0
B -    383232 - sbl1_ddr_set_params, Start
B -    387685 - cpr_init, Start
D -      1128 - cpr_init, Delta
B -    392596 - Pre_DDR_clock_init, Start
D -       213 - Pre_DDR_clock_init, Delta
D -         0 - sbl1_ddr_set_params, Delta
B -    405375 - do ddr sanity test, Start
D -       305 - do ddr sanity test, Delta
B -    411414 - pm_driver_init, Start
B -    416996 - PM: INFO: pm_sbl_chg_init
B -    418460 - charger module absent, it's by design if using external charger
D -     10919 - pm_driver_init, Delta
B -    432459 - DDR Training restore, Start
B -    434503 - DDR Training restore, End
B -    444446 - clock_init, Start
D -       213 - clock_init, Delta
B -    444720 - Image Load, Start
D -     83387 - QSEE Image Loaded, Delta - (1519044 Bytes)
B -    528138 - Image Load, Start
D -       305 - SEC Image Loaded, Delta - (2048 Bytes)
B -    535366 - PM0: PON1=0x1:HARD_RESET | POFF1=0x2:PS_HOLD
B -    540429 - sbl1_efs_handle_cookies, Start
D -       579 - sbl1_efs_handle_cookies, Delta
B -    548634 - Image Load, Start
D -     11132 - DEVCFG Image Loaded, Delta - (34452 Bytes)
B -    560254 - Image Load, Start
D -     18910 - RPM Image Loaded, Delta - (169540 Bytes)
B -    579195 - Image Load, Start
D -     54991 - APPSBL Image Loaded, Delta - (645380 Bytes)
B -    634217 - QSEE Execution, Start
D -        91 - QSEE Execution, Delta
B -    639890 - USB D+ check, Start
B -    645136 - usb: PMIC vbus detect failed
D -      3904 - USB D+ check, Delta
B -    650321 - SBL1, End
D -    406077 - SBL1, Delta
S - Flash Throughput, 30000 KB/s  (2373560 Bytes,  77245 us)
S - DDR Frequency, 931 MHz
S - Core 0 Frequency, 800 MHz
Android Bootloader - UART_DM Initialized!!!
[0] welcome to lk

[10] platform_init()
[10] target_init()
[30] SDHC Running in HS400 mode
[40] Done initialization of the card
[40] SPMI read command failure: 			cmd_id = 1, error = 2
[40] SPMI read command failure: 			cmd_id = 1, error = 2
[50] pm8x41_get_is_cold_boot: cold boot
[50] SPMI read command failure: 			cmd_id = 1, error = 2
[60] SPMI read command failure: 			cmd_id = 1, error = 2
[60] SPMI read command failure: 			cmd_id = 1, error = 2
[70] SPMI read command failure: 			cmd_id = 1, error = 2
[70] SPMI read command failure: 			cmd_id = 1, error = 2
[80] SPMI read command failure: 			cmd_id = 1, error = 2
[80] SPMI read command failure: 			cmd_id = 1, error = 2
[90] SPMI read command failure: 			cmd_id = 1, error = 2
[90] SPMI read command failure: 			cmd_id = 1, error = 2
[100] SPMI read command failure: 			cmd_id = 1, error = 2
[100] SPMI read command failure: 			cmd_id = 1, error = 2
[110] SPMI read command failure: 			cmd_id = 1, error = 2
[110] SPMI read command failure: 			cmd_id = 1, error = 2
[120] SPMI read command failure: 			cmd_id = 1, error = 2
[120] SPMI read command failure: 			cmd_id = 1, error = 2
[130] Waiting for the RPM to populate smd channel table
[130] Not able to search the panel:
[140] panel_operating_mode=0x0
[150] SPMI read command failure: 			cmd_id = 1, error = 2
[150] SPMI read command failure: 			cmd_id = 1, error = 2
[160] SPMI read command failure: 			cmd_id = 1, error = 2
[160] SPMI read command failure: 			cmd_id = 1, error = 2
[170] SPMI read command failure: 			cmd_id = 1, error = 2
[170] SPMI read command failure: 			cmd_id = 1, error = 2
[180] SPMI read command failure: 			cmd_id = 1, error = 2
[190] SPMI read command failure: 			cmd_id = 1, error = 2
[190] SPMI read command failure: 			cmd_id = 1, error = 2
[200] SPMI read command failure: 			cmd_id = 1, error = 2
[200] SPMI read command failure: 			cmd_id = 1, error = 2
[210] SPMI read command failure: 			cmd_id = 1, error = 2
[210] SPMI read command failure: 			cmd_id = 1, error = 2
[220] SPMI read command failure: 			cmd_id = 1, error = 2
[220] SPMI read command failure: 			cmd_id = 1, error = 2
[230] SPMI read command failure: 			cmd_id = 1, error = 2
[230] SPMI read command failure: 			cmd_id = 1, error = 2
[240] SPMI read command failure: 			cmd_id = 1, error = 2
[240] SPMI read command failure: 			cmd_id = 1, error = 2
[250] SPMI read command failure: 			cmd_id = 1, error = 2
[250] SPMI read command failure: 			cmd_id = 1, error = 2
[260] SPMI read command failure: 			cmd_id = 1, error = 2
[260] SPMI read command failure: 			cmd_id = 1, error = 2
[270] SPMI read command failure: 			cmd_id = 1, error = 2
[270] SPMI read command failure: 			cmd_id = 1, error = 2
[280] SPMI read command failure: 			cmd_id = 1, error = 2
[280] SPMI read command failure: 			cmd_id = 1, error = 2
[290] SPMI read command failure: 			cmd_id = 1, error = 2
[290] SPMI read command failure: 			cmd_id = 1, error = 2
[300] SPMI read command failure: 			cmd_id = 1, error = 2
[300] SPMI read command failure: 			cmd_id = 1, error = 2
[310] SPMI read command failure: 			cmd_id = 1, error = 2
[310] SPMI read command failure: 			cmd_id = 1, error = 2
[320] SPMI read command failure: 			cmd_id = 1, error = 2
[320] SPMI read command failure: 			cmd_id = 1, error = 2
[330] SPMI read command failure: 			cmd_id = 1, error = 2
[330] SPMI read command failure: 			cmd_id = 1, error = 2
[340] SPMI read command failure: 			cmd_id = 1, error = 2
[340] SPMI read command failure: 			cmd_id = 1, error = 2
[380] SPMI read command failure: 			cmd_id = 1, error = 2
[380] SPMI read command failure: 			cmd_id = 1, error = 2
[890] Config MIPI_VIDEO_PANEL.
[1040] dsi panel init error
[1040] Turn off MIPI_VIDEO_PANEL.
[1290] Not able to search the panel:
[1290] panel_operating_mode=0x0
[1310] SPMI read command failure: 			cmd_id = 1, error = 2
[1310] SPMI read command failure: 			cmd_id = 1, error = 2
[1320] SPMI read command failure: 			cmd_id = 1, error = 2
[1320] SPMI read command failure: 			cmd_id = 1, error = 2
[1330] SPMI read command failure: 			cmd_id = 1, error = 2
[1330] SPMI read command failure: 			cmd_id = 1, error = 2
[1340] SPMI read command failure: 			cmd_id = 1, error = 2
[1340] SPMI read command failure: 			cmd_id = 1, error = 2
[1350] SPMI read command failure: 			cmd_id = 1, error = 2
[1350] SPMI read command failure: 			cmd_id = 1, error = 2
[1360] SPMI read command failure: 			cmd_id = 1, error = 2
[1360] SPMI read command failure: 			cmd_id = 1, error = 2
[1370] SPMI read command failure: 			cmd_id = 1, error = 2
[1380] SPMI read command failure: 			cmd_id = 1, error = 2
[1380] SPMI read command failure: 			cmd_id = 1, error = 2
[1390] SPMI read command failure: 			cmd_id = 1, error = 2
[1390] SPMI read command failure: 			cmd_id = 1, error = 2
[1400] SPMI read command failure: 			cmd_id = 1, error = 2
[1400] SPMI read command failure: 			cmd_id = 1, error = 2
[1410] SPMI read command failure: 			cmd_id = 1, error = 2
[1410] SPMI read command failure: 			cmd_id = 1, error = 2
[1420] SPMI read command failure: 			cmd_id = 1, error = 2
[1420] SPMI read command failure: 			cmd_id = 1, error = 2
[1430] SPMI read command failure: 			cmd_id = 1, error = 2
[1430] SPMI read command failure: 			cmd_id = 1, error = 2
[1440] SPMI read command failure: 			cmd_id = 1, error = 2
[1440] SPMI read command failure: 			cmd_id = 1, error = 2
[1450] SPMI read command failure: 			cmd_id = 1, error = 2
[1450] SPMI read command failure: 			cmd_id = 1, error = 2
[1460] SPMI read command failure: 			cmd_id = 1, error = 2
[1460] SPMI read command failure: 			cmd_id = 1, error = 2
[1470] SPMI read command failure: 			cmd_id = 1, error = 2
[1470] SPMI read command failure: 			cmd_id = 1, error = 2
[1480] SPMI read command failure: 			cmd_id = 1, error = 2
[1480] SPMI read command failure: 			cmd_id = 1, error = 2
[1490] SPMI read command failure: 			cmd_id = 1, error = 2
[1500] SPMI read command failure: 			cmd_id = 1, error = 2
[1500] SPMI read command failure: 			cmd_id = 1, error = 2
[1510] SPMI read command failure: 			cmd_id = 1, error = 2
[2090] Config MIPI_VIDEO_PANEL.
[2220] Turn on MIPI_VIDEO_PANEL.
[2240] Video lane tested successfully
CTRL+C: enter instruction mode
CTRL+C: out instruction mode
aboot_init char: [3280] pm8x41_get_is_cold_boot: cold boot
input FCT : enter instruction mode
[6370] is_enter_fctmode ch:ÿ
enter next loop
 out fct instruction mode
[6380] Unable to locate /bootselect partition
[6380] Loading (recovery) image (13135872): start
[6430] Loading (recovery) image (13135872): done
[6430] use_signed_kernel=1, is_unlocked=1, is_tampered=0.
[6440] Uncpmpressed kernel in use
[6440] Kernel image not patched..Unable to locate dt offset
[6450] DTBO Overlay count start: 236951
[6460] ERROR: DTBO read is not valid
 DTB Overlay failed.
[6460] DTBO Overlay count done: 237202
[6460] qcom,msm-id entry not found
[6470] qcom,msm-id entry not found
[6470] qcom,msm-id entry not found
[6470] qcom,msm-id entry not found
[6480] qcom,msm-id entry not found
[6480] qcom,msm-id entry not found
[6480] qcom,msm-id entry not found
[6490] qcom,msm-id entry not found
[6490] qcom,msm-id entry not found
[6490] qcom,msm-id entry not found
[6500] qcom,msm-id entry not found
[6500] qcom,msm-id entry not found
[6500] qcom,msm-id entry not found
[6500] qcom,msm-id entry not found
[6510] qcom,msm-id entry not found
[6510] Best match DTB tags 338/00000008/0x00000000/0/10016/0/0/0/a0ce3a9e/40f35
[6520] Using pmic info 0x10016/0x0/0x0/0x0 for device 0x10016/0x0/0x0/0x0
[6530] display kernel cmdline: mdss_mdp.panel=1:dsi:0:qcom,mdss_dsi_hx8394f_720p_video:1:qcom,mdss_dsi_hx8394f_720p_dsi1_video:cfg:dual_dsi
[6540] cmdline: noinitrd rw console=ttyHSL0,115200,n8 androidboot.hardware=qcom ehci-hcd.park=3 msm_rtb.filter=0x37 lpm_levels.sleep_disabled=1 rootwait androidboot.bootdevice=7824900.sdhci androidboot.veritymode=enforcing buildvariant=userdebug veritykeyid=id:7[6560] Updating device tree: start
[6720] Updating device tree: done
[6720] Turn off MIPI_VIDEO_PANEL.
[6720] Continuous splash enabled, keeping panel alive.
[6740] booting linux @ 0x80008000, ramdisk @ 0x83600000 (0), tags/device tree @ 0x83400000
[    0.000000] Booting Linux on physical CPU 0x0
[    0.000000] Linux version 4.9.112 (quectel@d9fb0d09ce0d) (gcc version 4.9.3 (GCC) ) #1 SMP PREEMPT Thu Nov 4 10:02:29 UTC 2021
[    0.000000] CPU: ARMv7 Processor [410fd034] revision 4 (ARMv7), cr=10c0383d
[    0.000000] CPU: div instructions available: patching division code
[    0.000000] CPU: PIPT / VIPT nonaliasing data cache, VIPT aliasing instruction cache
[    0.000000] OF: fdt:Machine model: Qualcomm Technologies, Inc. SDM450 + NO PMI MTP S3
[    0.000000] core_ctl: disable_cpumask=0-7
[    0.000000] Reserved memory: created CMA memory pool at 0xff800000, size 4 MiB
[    0.000000] OF: reserved mem: initialized node adsp_region@0, compatible id shared-dma-pool
[    0.000000] Reserved memory: created CMA memory pool at 0x8f800000, size 8 MiB
[    0.000000] OF: reserved mem: initialized node gpu_region@0, compatible id shared-dma-pool
[    0.000000] Reserved memory: created CMA memory pool at 0x8f000000, size 8 MiB
[    0.000000] OF: reserved mem: initialized node venus_region@0, compatible id shared-dma-pool
[    0.000000] OF: reserved mem: invalid size property in 'mem_dump_region' node.
[    0.000000] Reserved memory: created CMA memory pool at 0xf4400000, size 180 MiB
[    0.000000] OF: reserved mem: initialized node secure_region@0, compatible id shared-dma-pool
[    0.000000] Reserved memory: created CMA memory pool at 0xf3400000, size 16 MiB
[    0.000000] OF: reserved mem: initialized node qseecom_region@0, compatible id shared-dma-pool
[    0.000000] Reserved memory: created CMA memory pool at 0xf3000000, size 4 MiB
[    0.000000] OF: reserved mem: initialized node qseecom_ta_region, compatible id shared-dma-pool
[    0.000000] Removed memory: created DMA memory pool at 0x85b00000, size 13 MiB
[    0.000000] OF: reserved mem: initialized node other_ext_region@0, compatible id removed-dma-pool
[    0.000000] Removed memory: created DMA memory pool at 0x86c00000, size 106 MiB
[    0.000000] OF: reserved mem: initialized node modem_region@0, compatible id removed-dma-pool
[    0.000000] Removed memory: created DMA memory pool at 0x8d600000, size 17 MiB
[    0.000000] OF: reserved mem: initialized node adsp_fw_region@0, compatible id removed-dma-pool
[    0.000000] Removed memory: created DMA memory pool at 0x8e700000, size 7 MiB
[    0.000000] OF: reserved mem: initialized node wcnss_fw_region@0, compatible id removed-dma-pool
[    0.000000] cma: Reserved 16 MiB at 0xf2000000
[    0.000000] Memory policy: Data cache writealloc
[    0.000000] psci: probing for conduit method from DT.
[    0.000000] psci: PSCIv1.0 detected in firmware.
[    0.000000] psci: Using standard PSCI v0.2 function IDs
[    0.000000] psci: MIGRATE_INFO_TYPE not supported.
[    0.000000] psci: SMC Calling Convention v1.0
[    0.000000] Did not receive the expected number of bytes from PRNG: 0
[    0.000000] percpu: max_distance=0x80000 too large for vmalloc space 0x0
[    0.000000] percpu: Embedded 16 pages/cpu @eed7c000 s34048 r8192 d23296 u65536
[    0.000000] Built 1 zonelists in Zone order, mobility grouping on.  Total pages: 486143
[    0.000000] Kernel command line: core_ctl_disable_cpumask=0-7 kpti=0 noinitrd rw console=ttyHSL0,115200,n8 androidboot.hardware=qcom ehci-hcd.park=3 msm_rtb.filter=0x37 lpm_levels.sleep_disabled=1 rootwait androidboot.bootdevice=7824900.sdhci androidboot.veritymode=enforcing buildvariant=userdebug veritykeyid=id:7e4333f9bba00adfe0ede979e28ed1920492b40f androidboot.emmc=true androidboot.serialno=fbad9718 gpt androidboot.baseband=msm androidboot.pmi632_exist=false mdss_mdp.panel=1:dsi:0:qcom,mdss_dsi_hx8394f_720p_video:1:qcom,mdss_dsi_hx8394f_720p_dsi1_video:cfg:dual_dsi rootfstype=ext4   root=/dev/mmcblk0p27
[    0.000000] log_buf_len individual max cpu contribution: 131072 bytes
[    0.000000] log_buf_len total cpu_extra contributions: 917504 bytes
[    0.000000] log_buf_len min size: 131072 bytes
[    0.000000] log_buf_len: 1048576 bytes
[    0.000000] early log buf free: 126560(96%)
[    0.000000] PID hash table entries: 4096 (order: 2, 16384 bytes)
[    0.000000] Dentry cache hash table entries: 131072 (order: 7, 524288 bytes)
[    0.000000] Inode-cache hash table entries: 65536 (order: 6, 262144 bytes)
[    0.000000] allocated 10506220 bytes of page_ext
[    0.000000] Node 0, zone   Normal: page owner found early allocated 159744 pages
[    0.000000] Node 0, zone  HighMem: page owner found early allocated 327679 pages
[    0.000000] Memory: 1622464K/1950716K available (17408K kernel code, 2324K rwdata, 6820K rodata, 2048K init, 5938K bss, 86588K reserved, 241664K cma-reserved, 1085436K highmem)
[    0.000000] Virtual kernel memory layout:
[    0.000000]     vector  : 0xffff0000 - 0xffff1000   (   4 kB)
[    0.000000]     fixmap  : 0xffc00000 - 0xfff00000   (3072 kB)
[    0.000000] 	   vmalloc : 0xf0000000 - 0xff800000   ( 248 MB)
[    0.000000] 	   lowmem  : 0xcee00000 - 0xf0000000   ( 530 MB)
[    0.000000] 	   vmalloc : 0xc6c00000 - 0xcee00000   ( 130 MB)
[    0.000000] 	   lowmem  : 0xc6800000 - 0xc6c00000   (   4 MB)
[    0.000000] 	   vmalloc : 0xc5b00000 - 0xcee00000   ( 147 MB)
[    0.000000] 	   lowmem  : 0xc0000000 - 0xc5b00000   (  91 MB)
[    0.000000]     pkmap   : 0xbfe00000 - 0xc0000000   (   2 MB)
[    0.000000]     modules : 0xbf000000 - 0xbfe00000   (  14 MB)
[    0.000000]       .text : 0xc0008000 - 0xc1200000   (18400 kB)
[    0.000000]       .init : 0xc1a00000 - 0xc1c00000   (2048 kB)
[    0.000000]       .data : 0xc1c00000 - 0xc1e450f0   (2325 kB)
[    0.000000]        .bss : 0xc1e480c4 - 0xc2414abc   (5939 kB)
[    0.000000] SLUB: HWalign=64, Order=0-3, MinObjects=0, CPUs=8, Nodes=1
[    0.000000] Preemptible hierarchical RCU implementation.
[    0.000000] 	RCU dyntick-idle grace-period acceleration is enabled.
[    0.000000] 
[    0.000000] **********************************************************
[    0.000000] **   NOTICE NOTICE NOTICE NOTICE NOTICE NOTICE NOTICE   **
[    0.000000] **                                                      **
[    0.000000] ** trace_printk() being used. Allocating extra memory.  **
[    0.000000] **                                                      **
[    0.000000] ** This means that this is a DEBUG kernel and it is     **
[    0.000000] ** unsafe for production use.                           **
[    0.000000] **                                                      **
[    0.000000] ** If you see this message and you are not debugging    **
[    0.000000] ** the kernel, report this immediately to your vendor!  **
[    0.000000] **                                                      **
[    0.000000] **   NOTICE NOTICE NOTICE NOTICE NOTICE NOTICE NOTICE   **
[    0.000000] **********************************************************
[    0.000000] NR_IRQS:16 nr_irqs:16 16
[    0.000000] 	Offload RCU callbacks from all CPUs
[    0.000000] 	Offload RCU callbacks from CPUs: 0-7.
[    0.000000] arm_arch_timer: Architected cp15 and mmio timer(s) running at 19.20MHz (virt/virt).
[    0.000000] clocksource: arch_sys_counter: mask: 0xffffffffffffff max_cycles: 0x46d987e47, max_idle_ns: 440795202767 ns
[    0.000006] sched_clock: 56 bits at 19MHz, resolution 52ns, wraps every 4398046511078ns
[    0.000031] clocksource: Switched to clocksource arch_sys_counter
[    0.000047] Switching to timer-based delay loop, resolution 52ns
[    0.012789] kmemleak: Kernel memory leak detector disabled
[    0.012838] Calibrating delay loop (skipped), value calculated using timer frequency.. 38.40 BogoMIPS (lpj=192000)
[    0.012858] pid_max: default: 32768 minimum: 301
[    0.013099] Security Framework initialized
[    0.013114] SELinux:  Initializing.
[    0.013378] Mount-cache hash table entries: 2048 (order: 1, 8192 bytes)
[    0.013425] Mountpoint-cache hash table entries: 2048 (order: 1, 8192 bytes)
[    0.015161] CPU: Testing write buffer coherency: ok
[    0.015243] ftrace: allocating 45759 entries in 135 pages
[    0.143439] /cpus/cpu@0 missing clock-frequency property
[    0.143473] /cpus/cpu@1 missing clock-frequency property
[    0.143501] /cpus/cpu@2 missing clock-frequency property
[    0.143532] /cpus/cpu@3 missing clock-frequency property
[    0.143566] /cpus/cpu@100 missing clock-frequency property
[    0.143604] /cpus/cpu@101 missing clock-frequency property
[    0.143645] /cpus/cpu@102 missing clock-frequency property
[    0.143690] /cpus/cpu@103 missing clock-frequency property
[    0.144098] sched-energy: Sched-energy-costs installed from DT
[    0.144115] CPU0: update cpu_capacity 1024
[    0.144190] Setting up static identity map for 0x80100000 - 0x80100058
[    0.175393] cpu_clock_pwr_init: Power clocks configured
[    0.177016] Core Debug Lock unlocked
[    0.177844] MSM Memory Dump base table set up
[    0.177936] MSM Memory Dump apps data table set up
[    0.205523] CPU1: update cpu_capacity 1024
[    0.227424] CPU2: update cpu_capacity 1024
[    0.249556] CPU3: update cpu_capacity 1024
[    0.271781] CPU4: update cpu_capacity 1024
[    0.293678] CPU5: update cpu_capacity 1024
[    0.315856] CPU6: update cpu_capacity 1024
[    0.337901] CPU7: update cpu_capacity 1024
[    0.338473] Brought up 8 CPUs
[    0.338524] SMP: Total of 8 processors activated (307.20 BogoMIPS).
[    0.338537] CPU: All CPU(s) started in SVC mode.
[    0.338713] CPU7: update max cpu_capacity 1024
[    0.340103] CPU7: update max cpu_capacity 1024
[    0.572344] VFP support v0.3: implementor 41 architecture 3 part 40 variant 3 rev 4
[    0.573664] clocksource: jiffies: mask: 0xffffffff max_cycles: 0xffffffff, max_idle_ns: 19112604462750000 ns
[    0.573909] futex hash table entries: 2048 (order: 5, 131072 bytes)
[    0.789691] pinctrl core: initialized pinctrl subsystem
[    0.792273] NET: Registered protocol family 16
[    0.808409] DMA: preallocated 256 KiB pool for atomic coherent allocations
[    0.808429] schedtune: init normalization constants...
[    0.808449] schedtune: CLUSTER[0-3]      min_pwr:     1 max_pwr:   180
[    0.808464] schedtune: CPU[0]            min_pwr:     1 max_pwr:    65
[    0.808478] schedtune: CPU[1]            min_pwr:     1 max_pwr:    65
[    0.808492] schedtune: CPU[2]            min_pwr:     1 max_pwr:    65
[    0.808506] schedtune: CPU[3]            min_pwr:     1 max_pwr:    65
[    0.808520] schedtune: CLUSTER[4-7]      min_pwr:     1 max_pwr:   175
[    0.808534] schedtune: CPU[4]            min_pwr:     1 max_pwr:    65
[    0.808548] schedtune: CPU[5]            min_pwr:     1 max_pwr:    65
[    0.808562] schedtune: CPU[6]            min_pwr:     1 max_pwr:    65
[    0.808576] schedtune: CPU[7]            min_pwr:     1 max_pwr:    65
[    0.808589] schedtune: SYSTEM            min_pwr:    10 max_pwr:   875
[    0.808604] schedtune: using normalization constants mul: 789479538 sh1: 1 sh2: 9
[    0.808616] schedtune: verify normalization constants...
[    0.808629] schedtune: max_pwr/2^0:  865 => norm_pwr:  1024
[    0.808641] schedtune: max_pwr/2^1:  432 => norm_pwr:   511
[    0.808654] schedtune: max_pwr/2^2:  216 => norm_pwr:   255
[    0.808666] schedtune: max_pwr/2^3:  108 => norm_pwr:   127
[    0.808679] schedtune: max_pwr/2^4:   54 => norm_pwr:    63
[    0.808691] schedtune: max_pwr/2^5:   27 => norm_pwr:    31
[    0.808705] schedtune: configured to support 5 boost groups
[    0.812846] cpuidle: using governor menu
[    0.814244] cpuidle: using governor qcom
[    0.852222] platform soc:qcom,kgsl-hyp: assigned reserved memory node gpu_region@0
[    0.867709] unable to find DT imem DLOAD mode node
[    0.868698] unable to find DT imem EDLOAD mode node
[    0.888754] msm_watchdog b017000.qcom,wdt: wdog absent resource not present
[    0.899003] msm_watchdog b017000.qcom,wdt: MSM Watchdog Initialized
[    0.904599] irq: no irq domain found for /soc/pinctrl@1000000 !
[    0.904937] platform soc:qcom,msm-adsprpc-mem: assigned reserved memory node adsp_region@0
[    0.908940] platform 4080000.qcom,mss: assigned reserved memory node modem_region@0
[    0.909464] platform c200000.qcom,lpass: assigned reserved memory node adsp_fw_region@0
[    0.910026] platform a21b000.qcom,pronto: assigned reserved memory node wcnss_fw_region@0
[    0.910416] platform 1de0000.qcom,venus: assigned reserved memory node venus_region@0
[    0.912656] apc_mem_acc_corner: Bringing 0uV into 1-1uV
[    0.914345] gfx_mem_acc_corner: Bringing 0uV into 1-1uV
[    0.945315] hw-breakpoint: found 5 (+1 reserved) breakpoint and 4 watchpoint registers.
[    0.945333] hw-breakpoint: maximum watchpoint size is 8 bytes.
[    0.945611] msm8953-pinctrl 1000000.pinctrl: invalid resource
[    0.950027] cpu-clock-8953 b114000.qcom,cpu-clock-8953: Speed bin: 6 PVS Version: 0
[    0.950160] cpu-clock-8953 b114000.qcom,cpu-clock-8953: Get vdd-mx regulator!!!
[    0.961985] smd_channel_probe_now: allocation table not initialized
[    0.962206] smd_channel_probe_now: allocation table not initialized
[    0.962465] smd_channel_probe_now: allocation table not initialized
[    0.965057] msm_rpm_glink_dt_parse: qcom,rpm-glink compatible not matches
[    0.977253] pm8953_s1: Bringing 1uV into 16-16uV
[    0.978658] pm8953_s2_level: Bringing 1uV into 16-16uV
[    0.979932] pm8953_s2_floor_level: Bringing 1uV into 16-16uV
[    0.981851] pm8953_s2_level_ao: Bringing 1uV into 16-16uV
[    0.987470] pm8953_s7_level_ao: Bringing 1uV into 16-16uV
[    1.019918] GFX_LDO: msm_gfx_ldo_voltage_init: LDO corner 1: target-volt = 580000 uV
[    1.019938] GFX_LDO: msm_gfx_ldo_voltage_init: LDO corner 2: target-volt = 650000 uV
[    1.019958] GFX_LDO: msm_gfx_ldo_voltage_init: LDO corner 3: target-volt = 720000 uV
[    1.019981] GFX_LDO: msm_gfx_ldo_adjust_init_voltage: adjusted the open-loop voltage[1] 580000 -> 615000
[    1.019996] GFX_LDO: msm_gfx_ldo_adjust_init_voltage: adjusted the open-loop voltage[2] 650000 -> 675000
[    1.020012] GFX_LDO: msm_gfx_ldo_voltage_init: LDO-mode fuse disabled by default
[    1.025371] spmi spmi-0: PMIC arbiter version v2 (0x20010000)
[    1.037257] pm8953_s5_avs_limit: Bringing 0uV into 400000-400000uV
[    1.038013] spm_regulator_probe: name=pm8953_s5, range=LV, voltage=870000 uV, mode=AUTO, step rate=1200 uV/us
[    1.044762] sps:sps is ready.
[    1.047889] qcom,gcc-8953 1800000.qcom,gcc: Venus speed bin: 6
[    1.087350] branch_clk_handoff: gcc_usb_phy_cfg_ahb_clk clock is enabled in HW
[    1.087368] branch_clk_handoff: even though ENABLE_BIT is not set
[    1.091146] qcom,gcc-8953 1800000.qcom,gcc: Registered GCC clocks
[    1.091366] cpu-clock-8953 b114000.qcom,cpu-clock-8953: Speed bin: 6 PVS Version: 0
[    1.091600] cpu-clock-8953 b114000.qcom,cpu-clock-8953: Get vdd-pwrcl regulator!!!
[    1.092987] cpr4_apss_read_fuse_data: apc_corner: speed bin = 6, CPR fusing revision = 3, foundry id = 2
[    1.093005] cpr4_msm8953_apss_read_fuse_data: apc_corner: CPR misc fuse value = 0
[    1.093046] cpr4_msm8953_apss_read_fuse_data: apc_corner: Voltage boost fuse config = 0 boost = disable
[    1.093221] cpr4_apss_calculate_open_loop_voltages: apc_corner: fused   LowSVS: open-loop= 625000 uV
[    1.093235] cpr4_apss_calculate_open_loop_voltages: apc_corner: fused      SVS: open-loop= 690000 uV
[    1.093249] cpr4_apss_calculate_open_loop_voltages: apc_corner: fused      NOM: open-loop= 795000 uV
[    1.093262] cpr4_apss_calculate_open_loop_voltages: apc_corner: fused TURBO_L1: open-loop= 915000 uV
[    1.093362] cpr4_apss_calculate_target_quotients: apc_corner: fused   LowSVS: quot[ 7]= 431
[    1.093378] cpr4_apss_calculate_target_quotients: apc_corner: fused      SVS: quot[ 7]= 543, quot_offset[ 7]= 110
[    1.093393] cpr4_apss_calculate_target_quotients: apc_corner: fused      NOM: quot[ 7]= 766, quot_offset[ 7]= 220
[    1.093408] cpr4_apss_calculate_target_quotients: apc_corner: fused TURBO_L1: quot[ 7]=1016, quot_offset[ 7]= 245
[    1.093696] cpr4_apss_init_aging: apc: sensor 6 aging init quotient diff = -2, aging RO scale = 2800 QUOT/V
[    1.093869] cpr3_regulator_init_ctrl: apc: Default CPR mode = HW closed-loop
[    1.097047] gcc_oxili_gfx3d_clk: set OPP pair(19200000 Hz: 615000 uV) on 1c00000.qcom,kgsl-3d0
[    1.098382] gcc_oxili_gfx3d_clk: set OPP pair(200000000 Hz: 675000 uV) on 1c00000.qcom,kgsl-3d0
[    1.100139] gcc_oxili_gfx3d_clk: set OPP pair(600000000 Hz: 0 uV) on 1c00000.qcom,kgsl-3d0
[    1.101330] gcc-gfx-8953 1800000.qcom,gcc-gfx: Registered GCC GFX clocks.
[    1.101523] cpu-clock-8953 b114000.qcom,cpu-clock-8953: Speed bin: 6 PVS Version: 0
[    1.105649] cpr3_regulator_measure_aging: apc: average quotient delta=-3 (count=10)
[    1.105686] cpr3_regulator_aging_adjust: apc: aging measurement successful; aging reference adjustment voltage=0 uV
[    1.107951] cpu-clock-8953 b114000.qcom,cpu-clock-8953: missing qcom,dfs-sid-c0
[    1.107968] cpu-clock-8953 b114000.qcom,cpu-clock-8953: No DFS SID tables found for Cluster-0
[    1.107987] cpu-clock-8953 b114000.qcom,cpu-clock-8953: missing qcom,link-sid-c0
[    1.108002] cpu-clock-8953 b114000.qcom,cpu-clock-8953: No Link SID tables found for Cluster-0
[    1.108019] cpu-clock-8953 b114000.qcom,cpu-clock-8953: missing qcom,lmh-sid-c0
[    1.108034] cpu-clock-8953 b114000.qcom,cpu-clock-8953: No LMH SID tables found for Cluster-0
[    1.108047] ramp_lmh_sid: Use Default LMH SID
[    1.108059] ramp_dfs_sid: Use Default DFS SID
[    1.108070] ramp_link_sid: Use Default Link SID
[    1.108139] cpu-clock-8953 b114000.qcom,cpu-clock-8953: missing qcom,dfs-sid-c1
[    1.108154] cpu-clock-8953 b114000.qcom,cpu-clock-8953: No DFS SID tables found for Cluster-1
[    1.108172] cpu-clock-8953 b114000.qcom,cpu-clock-8953: missing qcom,link-sid-c1
[    1.108187] cpu-clock-8953 b114000.qcom,cpu-clock-8953: No Link SID tables found for Cluster-1
[    1.108204] cpu-clock-8953 b114000.qcom,cpu-clock-8953: missing qcom,lmh-sid-c1
[    1.108218] cpu-clock-8953 b114000.qcom,cpu-clock-8953: No LMH SID tables found for Cluster-1
[    1.108230] ramp_lmh_sid: Use Default LMH SID
[    1.108241] ramp_dfs_sid: Use Default DFS SID
[    1.108253] ramp_link_sid: Use Default Link SID
[    1.108341] clock_rcgwr_init: RCGwR  Init Completed
[    1.116743] populate_opp_table: clock-cpu-8953: OPP tables populated (cpu 3 and 7)
[    1.116761] print_opp_table: clock_cpu: a53 C0: OPP voltage for 652800000: 1
[    1.116773] print_opp_table: clock_cpu: a53 C0: OPP voltage for 1804800000: 5
[    1.116785] print_opp_table: clock_cpu: a53 C1: OPP voltage for 652800000: 1
[    1.116797] print_opp_table: clock_cpu: a53 C2: OPP voltage for 1804800000: 5
[    1.163952] sched-energy energy-costs: cpu=0 eff=1024 [freq=652800 cap=371 power_d0=5] -> [freq=2400000 cap=1024 power_d0=65]
[    1.163970] CPU0: update cpu_capacity 1024
[    1.163989] sched-energy energy-costs: cpu=1 eff=1024 [freq=652800 cap=371 power_d0=5] -> [freq=2400000 cap=1024 power_d0=65]
[    1.164001] CPU1: update cpu_capacity 1024
[    1.164019] sched-energy energy-costs: cpu=2 eff=1024 [freq=652800 cap=371 power_d0=5] -> [freq=2400000 cap=1024 power_d0=65]
[    1.164031] CPU2: update cpu_capacity 1024
[    1.164049] sched-energy energy-costs: cpu=3 eff=1024 [freq=652800 cap=371 power_d0=5] -> [freq=2400000 cap=1024 power_d0=65]
[    1.164060] CPU3: update cpu_capacity 1024
[    1.164078] sched-energy energy-costs: cpu=4 eff=1024 [freq=652800 cap=371 power_d0=5] -> [freq=2400000 cap=1024 power_d0=65]
[    1.164090] CPU4: update cpu_capacity 1024
[    1.164107] sched-energy energy-costs: cpu=5 eff=1024 [freq=652800 cap=371 power_d0=5] -> [freq=2400000 cap=1024 power_d0=65]
[    1.164119] CPU5: update cpu_capacity 1024
[    1.164137] sched-energy energy-costs: cpu=6 eff=1024 [freq=652800 cap=371 power_d0=5] -> [freq=2400000 cap=1024 power_d0=65]
[    1.164148] CPU6: update cpu_capacity 1024
[    1.164166] sched-energy energy-costs: cpu=7 eff=1024 [freq=652800 cap=371 power_d0=5] -> [freq=2400000 cap=1024 power_d0=65]
[    1.164178] CPU7: update cpu_capacity 1024
[    1.169349] sched-energy energy-costs: Sched-energy-costs capacity updated
[    1.170152] CPU0: update max cpu_capacity 1024
[    1.182742] gdsc_oxili_gx: supplied by msm_gfx_ldo
[    1.186821] mdss_pll_probe: MDSS pll label = MDSS DSI 0 PLL
[    1.186842] mdss_pll_probe: mdss_pll_probe: label=MDSS DSI 0 PLL PLL SSC enabled
[    1.186888] mdss_pll_util_parse_dt_supply: : error reading ulp load. rc=-22
[    1.188644] dsi_pll_clock_register_8996: Registered DSI PLL ndx=0 clocks successfully
[    1.188732] mdss_pll_probe: MDSS pll label = MDSS DSI 1 PLL
[    1.188750] mdss_pll_probe: mdss_pll_probe: label=MDSS DSI 1 PLL PLL SSC enabled
[    1.188792] mdss_pll_util_parse_dt_supply: : error reading ulp load. rc=-22
[    1.189994] pll_is_pll_locked_8996: DSI PLL ndx=1 status=0 failed to Lock
[    1.191492] dsi_pll_clock_register_8996: Registered DSI PLL ndx=1 clocks successfully
[    1.193759] msm_cpuss_dump soc:cpuss_dump: Couldn't get memory for dumping
[    1.193784] msm_cpuss_dump soc:cpuss_dump: Couldn't get memory for dumping
[    1.209647] KPI: Bootloader start count = 25332
[    1.209663] KPI: Bootloader end count = 246430
[    1.209675] KPI: Bootloader display count = 98258
[    1.209686] KPI: Bootloader load kernel count = 1484
[    1.209698] KPI: Kernel MPM timestamp = 558652
[    1.209709] KPI: Kernel MPM Clock frequency = 32768
[    1.209747] socinfo_print: v0.10, id=338, ver=1.1, raw_id=154, raw_ver=0, hw_plat=8, hw_plat_ver=65536
[    1.209747]  accessory_chip=0, hw_plat_subtype=0, pmic_model=65558, pmic_die_revision=65536 foundry_id=3 serial_number=191733712
[    1.215264] arm-smmu 1c40000.arm,smmu-kgsl: 	(IDR0.CTTW overridden by dma-coherent property)
[    1.215287] arm-smmu 1c40000.arm,smmu-kgsl: 	stream matching with 4 register groups, mask 0x7fff
[    1.217741] arm-smmu 1e00000.qcom,iommu: 	(IDR0.CTTW overridden by dma-coherent property)
[    1.217762] arm-smmu 1e00000.qcom,iommu: 	stream matching with 124 register groups, mask 0x7fff
[    1.217986] arm-smmu 1e00000.qcom,iommu: found 32 context interrupt(s) but have 30 context banks. assuming 30 context interrupts.
[    1.219121] iommu: Adding device soc:qcom,msm-audio-ion to group 0
[    1.224861] SCSI subsystem initialized
[    1.225394] usbcore: registered new interface driver usbfs
[    1.225585] usbcore: registered new interface driver hub
[    1.226253] usbcore: registered new device driver usb
[    1.228635] qcom,qpnp-power-on 200f000.qcom,spmi:qcom,pm8953@0:qcom,power-on@800: PMIC@SID0 Power-on reason: Triggered from Hard Reset and 'cold' boot
[    1.228667] qcom,qpnp-power-on 200f000.qcom,spmi:qcom,pm8953@0:qcom,power-on@800: PMIC@SID0: Power-off reason: Triggered from PS_HOLD (PS_HOLD/MSM controlled shutdown)
[    1.229369] input: qpnp_pon as /devices/virtual/input/input0
[    1.231171] i2c-msm-v2 78b6000.i2c: probing driver i2c-msm-v2
[    1.231345] AXI: msm_bus_scale_register_client(): msm_bus_scale_register_client: Bus driver not ready.
[    1.231360] i2c-msm-v2 78b6000.i2c: msm_bus_scale_register_client(mstr-id:86):0 (not a problem)
[    1.232028] AXI: msm_bus_scale_register_client(): msm_bus_scale_register_client: Bus driver not ready.
[    1.234279] i2c-msm-v2 78b7000.i2c: probing driver i2c-msm-v2
[    1.234446] AXI: msm_bus_scale_register_client(): msm_bus_scale_register_client: Bus driver not ready.
[    1.234461] i2c-msm-v2 78b7000.i2c: msm_bus_scale_register_client(mstr-id:86):0 (not a problem)
[    1.234813] i2c-msm-v2 78b7000.i2c: irq:81 when no active transfer
[    1.235069] AXI: msm_bus_scale_register_client(): msm_bus_scale_register_client: Bus driver not ready.
[    1.236406] i2c-msm-v2 7af5000.i2c: probing driver i2c-msm-v2
[    1.236549] AXI: msm_bus_scale_register_client(): msm_bus_scale_register_client: Bus driver not ready.
[    1.236563] i2c-msm-v2 7af5000.i2c: msm_bus_scale_register_client(mstr-id:84):0 (not a problem)
[    1.237159] AXI: msm_bus_scale_register_client(): msm_bus_scale_register_client: Bus driver not ready.
[    1.238356] media: Linux media interface: v0.10
[    1.238459] Linux video capture interface: v2.00
[    1.269765] EDAC MC: Ver: 3.0.0
[    1.276080] cpufreq: driver msm up and running
[    1.278155] platform soc:qcom,ion:qcom,ion-heap@8: assigned reserved memory node secure_region@0
[    1.278349] platform soc:qcom,ion:qcom,ion-heap@27: assigned reserved memory node qseecom_region@0
[    1.278559] platform soc:qcom,ion:qcom,ion-heap@19: assigned reserved memory node qseecom_ta_region
[    1.278946] ION heap system created
[    1.279192] ION heap mm created at 0xf4400000 with size b400000
[    1.279210] ION heap qsecom created at 0xf3400000 with size 1000000
[    1.279244] ION heap qsecom_ta created at 0xf3000000 with size 400000
[    1.280790] AXI: msm_bus_scale_register_client(): msm_bus_scale_register_client: Bus driver not ready.
[    1.280798] ipa ipa_init:4016 fail to register with bus mgr!
[    1.281014] ipa ipa_plat_drv_probe:5046 ipa_init failed
[    1.282159] type = 22
[    1.282166] PMIC@SID0: PM8953 v1.0 options: 2, 2, 0, 0
[    1.283706] Advanced Linux Sound Architecture Driver Initialized.
[    1.288030] Core ver 2.22
[    1.288067] NET: Registered protocol family 31
[    1.288073] HCI device and connection manager initialized
[    1.288086] HCI socket layer initialized
[    1.288118] L2CAP socket layer initialized
[    1.288707] NetLabel: Initializing
[    1.288713] NetLabel:  domain hash size = 128
[    1.288719] NetLabel:  protocols = UNLABELED CIPSOv4
[    1.288773] NetLabel:  unlabeled traffic allowed by default
[    1.289543] AXI: msm_bus_scale_register_client(): msm_bus_scale_register_client: Bus driver not ready.
[    1.289550] ipa ipa_init:4016 fail to register with bus mgr!
[    1.289768] ipa ipa_plat_drv_probe:5046 ipa_init failed
[    1.290598] clocksource: Switched to clocksource arch_sys_counter
[    1.362932] VFS: Disk quotas dquot_6.6.0
[    1.363049] VFS: Dquot-cache hash table entries: 1024 (order 0, 4096 bytes)
[    1.363174] msm_bus_fabric_init_driver
[    1.376603] msm_bus_device 580000.ad-hoc-bus: Bus scaling driver probe successful
[    1.378584] NET: Registered protocol family 2
[    1.379314] TCP established hash table entries: 8192 (order: 3, 32768 bytes)
[    1.379613] TCP bind hash table entries: 8192 (order: 5, 163840 bytes)
[    1.379748] TCP: Hash tables configured (established 8192 bind 8192)
[    1.379901] UDP hash table entries: 512 (order: 2, 24576 bytes)
[    1.379967] UDP-Lite hash table entries: 512 (order: 2, 24576 bytes)
[    1.380363] NET: Registered protocol family 1
[    1.381715] gcc-mdss-8953 1800000.qcom,gcc-mdss: Registered GCC MDSS clocks.
[    1.383100] ipa ipa2_uc_state_check:297 uC interface not initialized
[    1.383117] ipa ipa_sps_irq_control_all:963 EP (2) not allocated.
[    1.383125] ipa ipa_sps_irq_control_all:963 EP (5) not allocated.
[    1.385158] sps:BAM 0x07904000 is registered.
[    1.385979] sps:BAM 0x07904000 (va:0xc65c0000) enabled: ver:0x27, number of pipes:20
[    1.396796] IPA driver initialization was successful.
[    1.398633] hw perfevents: enabled with ARMv8 Cortex-A53 PMU driver, 7 counters available
[    1.399768] cryptomgr_test (121) used greatest stack depth: 6524 bytes left
[    1.400123] cryptomgr_test (123) used greatest stack depth: 6388 bytes left
[    1.404541] audit: initializing netlink subsys (disabled)
[    1.404603] audit: type=2000 audit(1.399:1): initialized
[    1.408308] workingset: timestamp_bits=30 max_order=19 bucket_order=0
[    1.421795] Registering sdcardfs 0.1
[    1.422085] fuse init (API version 7.26)
[    1.423918] pfk_ext4 [pfk_ext4_init]: PFK EXT4 inited successfully
[    1.423925] pfk_f2fs [pfk_f2fs_init]: PFK F2FS inited successfully
[    1.423933] pfk [pfk_init]: Driver initialized successfully
[    1.429395] bounce: pool size: 64 pages
[    1.429666] Block layer SCSI generic (bsg) driver version 0.4 loaded (major 245)
[    1.429675] io scheduler noop registered
[    1.429879] io scheduler cfq registered (default)
[    1.448076] msm_mdss_get_res_byname: 'vbif_nrt_phys' resource not found
[    1.448094] mdss_mdp_probe+0x1d8/0x169c->msm_mdss_ioremap_byname: 'vbif_nrt_phys' msm_mdss_get_res_byname failed
[    1.448396] mdss_mdp_irq_clk_register: unable to get clk: lut_clk
[    1.448417] mdss_mdp_irq_clk_register: unable to get clk: mnoc_clk
[    1.449239] No change in context(0==0), skip
[    1.450012] mdss_mdp_pipe_addr_setup: type:0 ftchid:-1 xinid:0 num:0 rect:0 ndx:0x1 prio:0
[    1.450122] mdss_mdp_pipe_addr_setup: type:1 ftchid:-1 xinid:1 num:3 rect:0 ndx:0x8 prio:1
[    1.450130] mdss_mdp_pipe_addr_setup: type:1 ftchid:-1 xinid:5 num:4 rect:0 ndx:0x10 prio:2
[    1.450148] mdss_mdp_pipe_addr_setup: type:2 ftchid:-1 xinid:2 num:6 rect:0 ndx:0x40 prio:3
[    1.450165] mdss_mdp_pipe_addr_setup: type:3 ftchid:-1 xinid:7 num:10 rect:0 ndx:0x400 prio:0
[    1.450178] mdss_mdp_parse_dt_handler: Error from prop qcom,mdss-pipe-sw-reset-off : u32 array read
[    1.450293] mdss_mdp_parse_dt_handler: Error from prop qcom,mdss-ib-factor-overlap : u32 array read
[    1.450304] mdss_mdp_parse_dt_handler: Error from prop qcom,mdss-bus-througput-factor : u32 array read
[    1.450733] xlog_status: enable:1, panic:1, dump:2
[    1.451256] iommu: Adding device 1a00000.qcom,mdss_mdp:qcom,smmu_mdp_unsec_cb to group 1
[    1.451609] iommu: Adding device 1a00000.qcom,mdss_mdp:qcom,smmu_mdp_sec_cb to group 2
[    1.451988] mdss_mdp_probe: mdss version = 0x10100000, bootloader display is on, num 1, intf_sel=0x00000100
[    1.455047] mdss_smmu_util_parse_dt_clock: clocks are not defined
[    1.455063] mdss_smmu_probe: iommu v2 domain[0] mapping and clk register successful!
[    1.455104] mdss_smmu_util_parse_dt_clock: clocks are not defined
[    1.455116] mdss_smmu_probe: iommu v2 domain[2] mapping and clk register successful!
[    1.455713] mdss_dsi_get_dt_vreg_data: error reading ulp load. rc=-22
[    1.455734] mdss_dsi_get_dt_vreg_data: error reading ulp load. rc=-22
[    1.455754] mdss_dsi_get_dt_vreg_data: error reading ulp load. rc=-22
[    1.456788] mdss_dsi_ctrl_probe: DSI Ctrl name = MDSS DSI CTRL->0
[    1.457059] mdss_dsi_find_panel_of_node: cmdline:0:qcom,mdss_dsi_hx8394f_720p_video:1:qcom,mdss_dsi_hx8394f_720p_dsi1_video:cfg:dual_dsi panel_name:qcom,mdss_dsi_hx8394f_720p_video
[    1.457088] mdss_dsi_panel_init: Panel Name = hx8394f 720p video mode dsi panel
[    1.457238] mdss_dsi_panel_timing_from_dt: found new timing "qcom,mdss_dsi_hx8394f_720p_video" (ede315b0)
[    1.457258] mdss_dsi_parse_dcs_cmds: failed, key=qcom,mdss-dsi-post-panel-on-command
[    1.457268] mdss_dsi_parse_dcs_cmds: failed, key=qcom,mdss-dsi-timing-switch-command
[    1.457275] mdss_dsi_panel_get_dsc_cfg_np: cannot find dsc config node:
[    1.457373] mdss_dsi_parse_dcs_cmds: failed, key=qcom,mdss-dsi-idle-on-command
[    1.457382] mdss_dsi_parse_dcs_cmds: failed, key=qcom,mdss-dsi-idle-off-command
[    1.457405] mdss_dsi_parse_panel_features: ulps feature disabled
[    1.457412] mdss_dsi_parse_panel_features: ulps during suspend feature disabled
[    1.457421] mdss_dsi_parse_dms_config: dynamic switch feature enabled: 0
[    1.457440] mdss_dsi_parse_dcs_cmds: failed, key=qcom,mdss-dsi-lp-mode-on
[    1.457449] mdss_dsi_parse_dcs_cmds: failed, key=qcom,mdss-dsi-lp-mode-off
[    1.457507] mdss_dsi_get_dt_vreg_data: error reading ulp load. rc=-22
[    1.457523] mdss_dsi_get_dt_vreg_data: error reading ulp load. rc=-22
[    1.457681] mdss_dsi_parse_ctrl_params:4167 Unable to read qcom,display-id, data=00000000,len=20
[    1.457696] mdss_dsi_parse_gpio_params: bklt_en gpio not specified
[    1.457704] mdss_dsi_parse_gpio_params: ext vdd gpio not specified
[    1.457750] msm_mdss_get_res_byname: 'dsi_phy_regulator' resource not found
[    1.457765] mdss_dsi_retrieve_ctrl_resources+0xe0/0x294->msm_mdss_ioremap_byname: 'dsi_phy_regulator' msm_mdss_get_res_byname failed
[    1.457772] mdss_dsi_retrieve_ctrl_resources: ctrl_base=c65be000 ctrl_size=400 phy_base=c65eb400 phy_size=580
[    1.457994] dsi_panel_device_register: Continuous splash enabled
[    1.458211] mdss_register_panel: adding framebuffer device 1a94000.qcom,mdss_dsi_ctrl0
[    1.460294] mdss_dsi_ctrl_probe: Dsi Ctrl->0 initialized, DSI rev:0x10040002, PHY rev:0x2
[    1.461086] mdss_dsi_ctrl_probe: DSI Ctrl name = MDSS DSI CTRL->1
[    1.461387] mdss_dsi_find_panel_of_node: cmdline:0:qcom,mdss_dsi_hx8394f_720p_video:1:qcom,mdss_dsi_hx8394f_720p_dsi1_video:cfg:dual_dsi panel_name:qcom,mdss_dsi_hx8394f_720p_dsi1_video
[    1.461419] mdss_dsi_panel_init: Panel Name = hx8394f 720p dsi1 video mode dsi panel
[    1.461562] mdss_dsi_panel_timing_from_dt: found new timing "qcom,mdss_dsi_hx8394f_720p_dsi1_video" (ede315b0)
[    1.461581] mdss_dsi_parse_dcs_cmds: failed, key=qcom,mdss-dsi-post-panel-on-command
[    1.461590] mdss_dsi_parse_dcs_cmds: failed, key=qcom,mdss-dsi-timing-switch-command
[    1.461682] mdss_dsi_parse_dcs_cmds: failed, key=qcom,mdss-dsi-idle-on-command
[    1.461692] mdss_dsi_parse_dcs_cmds: failed, key=qcom,mdss-dsi-idle-off-command
[    1.461713] mdss_dsi_parse_panel_features: ulps feature disabled
[    1.461720] mdss_dsi_parse_panel_features: ulps during suspend feature disabled
[    1.461728] mdss_dsi_parse_dms_config: dynamic switch feature enabled: 0
[    1.461747] mdss_dsi_parse_dcs_cmds: failed, key=qcom,mdss-dsi-lp-mode-on
[    1.461756] mdss_dsi_parse_dcs_cmds: failed, key=qcom,mdss-dsi-lp-mode-off
[    1.461792] mdss_dsi_get_dt_vreg_data: error reading ulp load. rc=-22
[    1.461808] mdss_dsi_get_dt_vreg_data: error reading ulp load. rc=-22
[    1.462060] mdss_dsi_parse_ctrl_params:4167 Unable to read qcom,display-id, data=00000000,len=20
[    1.462076] mdss_dsi_parse_gpio_params: bklt_en gpio not specified
[    1.462084] mdss_dsi_parse_gpio_params: ext vdd gpio not specified
[    1.462109] msm_mdss_get_res_byname: 'dsi_phy_regulator' resource not found
[    1.462123] mdss_dsi_retrieve_ctrl_resources+0xe0/0x294->msm_mdss_ioremap_byname: 'dsi_phy_regulator' msm_mdss_get_res_byname failed
[    1.462131] mdss_dsi_retrieve_ctrl_resources: ctrl_base=c65ef000 ctrl_size=400 phy_base=c65f1400 phy_size=588
[    1.462151] dsi_panel_device_register: Continuous splash disabled
[    1.462397] mdss_register_panel: adding framebuffer device 1a96000.qcom,mdss_dsi_ctrl1
[    1.462718] panel_debug_register_base: debugfs_create_file: data_type fail
[    1.463066] mdss_dsi_ctrl_probe: Dsi Ctrl->1 initialized, DSI rev:0x10040002, PHY rev:0x2
[    1.463754] mdss_dsi_status_init: DSI status check interval:5000
[    1.464233] mdss_register_panel: adding framebuffer device soc:qcom,mdss_wb_panel
[    1.465575] mdss_fb_probe: fb0: split_mode:0 left:0 right:0
[    1.466647] mdss_fb_register: FrameBuffer[0] 720x1280 registered successfully!
[    1.467148] mdss_fb_probe: fb1: split_mode:0 left:0 right:0
[    1.468120] mdss_fb_register: FrameBuffer[1] 720x1280 registered successfully!
[    1.468419] mdss_mdp_splash_parse_dt: splash mem child node is not present
[    1.468465] mdss_fb_probe: fb2: split_mode:0 left:0 right:0
[    1.468688] mdss_fb_register: FrameBuffer[2] 640x640 registered successfully!
[    1.468853] mdss_mdp_splash_parse_dt: splash mem child node is not present
[    1.469154] qcom-sps-dma 7884000.qcom,sps-dma: dma_async_device_register: device has no channels!
[    1.469221] qcom-sps-dma 7ac4000.qcom,sps-dma: dma_async_device_register: device has no channels!
[    1.480619] scm_call failed: func id 0x2000c16, ret: -1, syscall returns: 0x0, 0x0, 0x0
[    1.480631] batched_hyp_assign: Failed to assign memory protection, ret = -5
[    1.480642] memshare: hyp_assign_phys failed size=2097152 err=-5
[    1.480698] memshare_child soc:qcom,memshare:qcom,client_1: for memshare_GPS segments only will be dumped.
[    1.481185] memshare_child soc:qcom,memshare:qcom,client_2: for memshare_FTM segments only will be dumped.
[    1.491392] scm_call failed: func id 0x2000c16, ret: -1, syscall returns: 0x0, 0x0, 0x0
[    1.491403] batched_hyp_assign: Failed to assign memory protection, ret = -5
[    1.491414] memshare: hyp_assign_phys failed size=5242880 err=-5
[    1.491435] memshare_child soc:qcom,memshare:qcom,client_3: for memshare_DIAG segments only will be dumped.
[    1.493231] minidump-id not found for a506_zap
[    1.493260] subsys-pil-tz soc:qcom,kgsl-hyp: for a506_zap segments only will be dumped.
[    1.494073] minidump-id not found for adsp
[    1.494347] minidump-id not found for wcnss
[    1.494762] minidump-id not found for venus
[    1.494787] subsys-pil-tz 1de0000.qcom,venus: for venus segments only will be dumped.
[    1.496924] minidump-id not found for modem
[    1.499378] msm-dcc b3000.dcc: DCC XPU is not specified
[    1.502363] wcnss: wcnss_wlan probed in built-in mode
[    1.503705] msm_serial 78af000.serial: msm_serial: detected port #0
[    1.503735] msm_serial 78af000.serial: uartclk = 7372800
[    1.503790] 78af000.serial: ttyHSL0 at MMIO 0x78af000 (irq = 74, base_baud = 460800) is a MSM
[    1.503805] msm_serial: console setup on port #0
[    4.480606] IPC_RTR: msm_ipc_router_smd_driver_register Already driver registered IPCRTR
[    4.480612] IPC_RTR: msm_ipc_router_smd_driver_register Already driver registered IPCRTR
[    4.765646] console [ttyHSL0] enabled
[    4.774089] msm_serial 7aef000.serial: msm_serial: detected port #1
[    4.777246] msm_serial 7aef000.serial: uartclk = 7372800
[    4.783379] 7aef000.serial: ttyHSL1 at MMIO 0x7aef000 (irq = 75, base_baud = 460800) is a MSM
[    4.789307] msm_serial 78b0000.serial: msm_serial: detected port #2
[    4.797309] msm_serial 78b0000.serial: uartclk = 19200000
[    4.803408] 78b0000.serial: ttyHSL2 at MMIO 0x78b0000 (irq = 76, base_baud = 1200000) is a MSM
[    4.809667] msm_serial: driver initialized
[    4.818739] msm_serial_hs module loaded
[    4.825765] random: fast init done
[    4.825869] random: crng init done
[    4.840509] diag: In __diag_glink_init, unable to register for glink channel DIAG_CTRL
[    4.840811] diag: In __diag_glink_init, unable to register for glink channel DIAG_DATA
[    4.847572] diag: In __diag_glink_init, unable to register for glink channel DIAG_CMD
[    4.855515] diag: In __diag_glink_init, unable to register for glink channel DIAG_DCI_DATA
[    4.863372] diag: In __diag_glink_init, unable to register for glink channel DIAG_DCI_CMD
[    4.873679] CHRDEV "kgsl" major number 233 goes below the dynamic allocation range
[    4.883784] iommu: Adding device 1c40000.qcom,kgsl-iommu:gfx3d_user to group 3
[    4.887345] platform 1c40000.qcom,kgsl-iommu:gfx3d_secure: assigned reserved memory node secure_region@0
[    4.894581] iommu: Adding device 1c40000.qcom,kgsl-iommu:gfx3d_secure to group 4
[    4.929894] brd: module loaded
[    4.940135] loop: module loaded
[    4.941138] zram: Added device: zram0
[    4.942175] lkdtm: No crash points registered, enable through debugfs
[    4.946878] CHRDEV "qseecom" major number 232 goes below the dynamic allocation range
[    4.952504] QSEECOM: qseecom_probe: qseecom.qsee_version = 0x1001000
[    4.960193] QSEECOM: qseecom_retrieve_ce_data: Device does not support PFE[    4.966562] QSEECOM: qseecom_probe: qseecom clocks handled by other subsystem
[    4.974199] QSEECOM: qseecom_probe: qsee reentrancy support phase is not defined, setting to default 0
[    4.980366] QSEECOM: qseecom_probe: secure app region addr=0x85b00000 size=0x800000[    4.990239] QSEECOM: qseecom_probe: qseecom.whitelist_support = 1
[    4.999228] i2c-msm-v2 7af5000.i2c: msm_bus_scale_register_client(mstr-id:84):0xc (ok)
[    5.001819] QCE50: __qce_get_device_tree_data: BAM Apps EE is not defined, setting to default 1
[    5.002976] qce 720000.qcedev: QTI Crypto 5.3.3 device found @0x720000
[    5.002983] qce 720000.qcedev: CE device = 0x0 IO base, CE = c7ca0000 Consumer (IN) PIPE 2,
[    5.002983] Producer (OUT) PIPE 3 IO base BAM = 00000000
[    5.002983] BAM IRQ 73 Engines Availability = 0x2010853
[    5.003987] sps:BAM 0x00704000 is registered.
[    5.003988] sps:BAM 0x00704000 (va:0xc80a0000) enabled: ver:0x27, number of pipes:8
[    5.004699] QCE50: qce_sps_init:  QTI MSM CE-BAM at 0x0000000000704000 irq 73
[    5.012547] QCE50: __qce_get_device_tree_data: BAM Apps EE is not defined, setting to default 1
[    5.018769] qcrypto 720000.qcrypto: QTI Crypto 5.3.3 device found @0x720000
[    5.018776] qcrypto 720000.qcrypto: CE device = 0x0 IO base, CE = c80e0000 Consumer (IN) PIPE 4,
[    5.018776] Producer (OUT) PIPE 5 IO base BAM = 00000000
[    5.018776] BAM IRQ 73 Engines Availability = 0x2010853
[    5.019814] QCE50: qce_sps_init:  QTI MSM CE-BAM at 0x0000000000704000 irq 73
[    5.023873] qcrypto 720000.qcrypto: qcrypto-ecb-aes
[    5.024040] qcrypto 720000.qcrypto: qcrypto-cbc-aes
[    5.024217] qcrypto 720000.qcrypto: qcrypto-ctr-aes
[    5.024368] qcrypto 720000.qcrypto: qcrypto-ecb-des
[    5.024525] qcrypto 720000.qcrypto: qcrypto-cbc-des
[    5.024669] qcrypto 720000.qcrypto: qcrypto-ecb-3des
[    5.024799] qcrypto 720000.qcrypto: qcrypto-cbc-3des
[    5.024928] qcrypto 720000.qcrypto: qcrypto-xts-aes
[    5.025059] qcrypto 720000.qcrypto: qcrypto-sha1
[    5.025212] qcrypto 720000.qcrypto: qcrypto-sha256
[    5.025341] qcrypto 720000.qcrypto: qcrypto-aead-hmac-sha1-cbc-aes
[    5.025488] qcrypto 720000.qcrypto: qcrypto-aead-hmac-sha1-cbc-des
[    5.025659] qcrypto 720000.qcrypto: qcrypto-aead-hmac-sha1-cbc-3des
[    5.025788] qcrypto 720000.qcrypto: qcrypto-aead-hmac-sha256-cbc-aes
[    5.025955] qcrypto 720000.qcrypto: qcrypto-aead-hmac-sha256-cbc-des
[    5.026083] qcrypto 720000.qcrypto: qcrypto-aead-hmac-sha256-cbc-3des
[    5.026216] qcrypto 720000.qcrypto: qcrypto-hmac-sha1
[    5.026346] qcrypto 720000.qcrypto: qcrypto-hmac-sha256
[    5.026475] qcrypto 720000.qcrypto: qcrypto-aes-ccm
[    5.026629] qcrypto 720000.qcrypto: qcrypto-rfc4309-aes-ccm
[    5.028197] qcom_ice_get_device_tree_data: No vdd-hba-supply regulator, assuming not needed
[    5.028293] ICE IRQ = 86
[    5.028301] CHRDEV "icesdcc" major number 231 goes below the dynamic allocation range
[    5.029403] SCSI Media Changer driver v0.25 
[    5.031930] libphy: Fixed MDIO Bus: probed
[    5.031934] tun: Universal TUN/TAP device driver, 1.6
[    5.031935] tun: (C) 1999-2004 Max Krasnyansky <maxk@qualcomm.com>
[    5.032054] PPP generic driver version 2.4.2
[    5.032178] PPP BSD Compression module registered
[    5.032181] PPP Deflate Compression module registered
[    5.032200] PPP MPPE Compression module registered
[    5.032204] NET: Registered protocol family 24
[    5.034290] usbcore: registered new interface driver asix
[    5.034361] usbcore: registered new interface driver ax88179_178a
[    5.034432] usbcore: registered new interface driver cdc_ether
[    5.034479] usbcore: registered new interface driver net1080
[    5.034545] usbcore: registered new interface driver cdc_subset
[    5.034593] usbcore: registered new interface driver zaurus
[    5.034665] usbcore: registered new interface driver cdc_ncm
[    5.034670] CHRDEV "uio" major number 230 goes below the dynamic allocation range
[    5.036561] msm_sharedmem: sharedmem_register_qmi: qmi init successful
[    5.039537] scm_call failed: func id 0x2000c16, ret: -1, syscall returns: 0x0, 0x0, 0x0
[    5.039543] batched_hyp_assign: Failed to assign memory protection, ret = -5
[    5.039553] msm_sharedmem: setup_shared_ram_perms: hyp_assign_phys failed IPA=0x0160xf2d00000 size=1572864 err=-5
[    5.039778] msm_sharedmem: msm_sharedmem_probe: Device created for client 'rmtfs'
[    5.045681] msm-dwc3 7000000.ssusb: unable to get dbm device
[    5.046120] irq/92-hs_phy_i (308) used greatest stack depth: 6384 bytes left
[    5.047621] CHRDEV "usbmon" major number 229 goes below the dynamic allocation range
[    5.047756] ehci_hcd: USB 2.0 'Enhanced' Host Controller (EHCI) Driver
[    5.047767] ehci-platform: EHCI generic platform driver
[    5.048407] ehci-msm: Qualcomm On-Chip EHCI Host Controller
[    5.049752] usbcore: registered new interface driver cdc_acm
[    5.049754] cdc_acm: USB Abstract Control Model driver for USB modems and ISDN adapters
[    5.049824] usbcore: registered new interface driver usb-storage
[    5.049861] usbcore: registered new interface driver ums-alauda
[    5.049897] usbcore: registered new interface driver ums-cypress
[    5.049933] usbcore: registered new interface driver ums-datafab
[    5.049969] usbcore: registered new interface driver ums-freecom
[    5.050005] usbcore: registered new interface driver ums-isd200
[    5.050087] usbcore: registered new interface driver ums-jumpshot
[    5.050127] usbcore: registered new interface driver ums-karma
[    5.050190] usbcore: registered new interface driver ums-onetouch
[    5.050227] usbcore: registered new interface driver ums-sddr09
[    5.050264] usbcore: registered new interface driver ums-sddr55
[    5.050301] usbcore: registered new interface driver ums-usbat
[    5.050400] usbcore: registered new interface driver usbserial
[    5.050448] usbcore: registered new interface driver usb_ehset_test
[    5.050517] CHRDEV "ttyGS" major number 228 goes below the dynamic allocation range
[    5.051415] CHRDEV "rmnet_ctrl" major number 227 goes below the dynamic allocation range
[    5.052286] mousedev: PS/2 mouse device common for all mice
[    5.053653] i2c-msm-v2 78b7000.i2c: msm_bus_scale_register_client(mstr-id:86):0xf (ok)
[    5.054111] <<GTP-INF>>[gt1x_ts_probe:625] GTP Driver Version: V1.4<2015/07/10>
[    5.054114] <<GTP-INF>>[gt1x_ts_probe:626] GTP I2C Address: 0x14
[    5.054560] Goodix-TP 3-0014: Can not lookup pmx_ts_release pinstate -19
[    5.056952] <<GTP-INF>>[gt1x_reset_guitar:815] GTP RESET!
[    5.245013] <<GTP-INF>>[gt1x_get_chip_type:934] Chip Type: GT2X
[    5.274266] <<GTP-INF>>[gt1x_read_version:890] IC VERSION:GT5663_000119(Patch)_0100(Mask)_02(SensorID)
[    5.274475] sps: BAM device 0x07884000 is not registered yet.
[    5.275217] sps:BAM 0x07884000 is registered.
[    5.275218] sps:BAM 0x07884000 (va:0xc7420000) enabled: ver:0x19, number of pipes:12
[    5.285897] <<GTP-INF>>[gt1x_init_panel:683] X_MAX=720,Y_MAX=1280,TRIGGER=0x01,WAKEUP_LEVEL=1
[    5.286154] <<GTP-INF>>[gt1x_init_debug_node:96] Created proc entry /proc/gt1x_debug.
[    5.286159] <<GTP-INF>>[gt1x_init_tool_node:89] Alloc memory size:512.
[    5.286171] <<GTP-INF>>[gt1x_init_tool_node:99] Created proc entry /proc/gmnode0409112.
[    5.286654] input: goodix_gt1x-ts as /devices/virtual/input/input1
[    5.286864] <<GTP-INF>>[gt1x_ts_probe:685] GTP works in interrupt mode.
[    5.287440] [FTS_TS/I]fts_ts_probe:Touch Screen(I2C BUS) driver prboe...
[    5.287447] [FTS_TS/I]fts_get_dt_coords:display x(0 720) y(0 1280)
[    5.287458] [FTS_TS/I]fts_parse_dt:VK Number:3, key:(139,172,158), coords:(150,1340),(330,1340),(660,1340)
[    5.287472] [FTS_TS/I]fts_parse_dt:max touch number:5, irq gpio:65, reset gpio:64
[    5.287629] [FTS_TS/I]fts_input_init:set key capabilities
[    5.287870] input: fts_ts as /devices/platform/soc/78b7000.i2c/i2c-3/3-0038/input/input2
[    5.287988] [FTS_TS/E]fts_gpio_configure:[GPIO]irq gpio request failed
[    5.287990] [FTS_TS/E]fts_ts_probe_entry:configure the gpios fail
[    5.308873] [FTS_TS/E]fts_ts_probe:Touch Screen(I2C BUS) driver probe fail
[    5.308889] fts_ts: probe of 3-0038 failed with error -16
[    5.311066] qcom,qpnp-rtc 200f000.qcom,spmi:qcom,pm8953@0:qcom,pm8953_rtc: rtc core: registered qpnp_rtc as rtc0
[    5.311357] i2c /dev entries driver
[    5.315230] iommu: Adding device 1d00000.qcom,vidc:non_secure_cb to group 5
[    5.316131] iommu: Adding device 1d00000.qcom,vidc:secure_bitstream_cb to group 6
[    5.316949] iommu: Adding device 1d00000.qcom,vidc:secure_pixel_cb to group 7
[    5.317758] iommu: Adding device 1d00000.qcom,vidc:secure_non_pixel_cb to group 8
[    5.323466] iommu: Adding device soc:qcom,cam_smmu:msm_cam_smmu_cb1 to group 9
[    5.323786] CAM-SMMU cam_smmu_populate_sids:2081 __debug cnt = 6, cb->name: :vfe sid [0] = 1024
[    5.323786] ,
[    5.324005] CAM-SMMU cam_smmu_populate_sids:2081 __debug cnt = 6, cb->name: :vfe sid [1] = 10240
[    5.324005] ,
[    5.324005] iommu: Adding device soc:qcom,cam_smmu:msm_cam_smmu_cb3 to group 10
[    5.324418] CAM-SMMU cam_smmu_populate_sids:2081 __debug cnt = 3, cb->name: :cpp sid [0] = 7168
[    5.324418] ,
[    5.324418] iommu: Adding device soc:qcom,cam_smmu:msm_cam_smmu_cb4 to group 11
[    5.327732] CAM-SMMU cam_smmu_populate_sids:2081 __debug cnt = 3, cb->name: :jpeg_enc0 sid [0] = 6144
[    5.327732] ,
[    5.327732] msm_camera_get_dt_vreg_data:1125 number of entries is 0 or not present in dts
[    5.333887] msm_camera_get_dt_vreg_data:1125 number of entries is 0 or not present in dts
[    5.334238] msm_camera_get_dt_vreg_data:1125 number of entries is 0 or not present in dts
[    5.334563] msm_camera_get_dt_vreg_data:1125 number of entries is 0 or not present in dts
[    5.335572] msm_camera_get_dt_vreg_data:1125 number of entries is 0 or not present in dts
[    5.335897] msm_camera_get_dt_vreg_data:1125 number of entries is 0 or not present in dts
[    5.336274] msm_camera_get_dt_vreg_data:1125 number of entries is 0 or not present in dts
[    5.337437] msm_actuator_platform_probe:1994 msm_actuator_platform_probe: No/Error Actuator GPIOs
[    5.337606] msm_actuator_platform_probe:1994 msm_actuator_platform_probe: No/Error Actuator GPIOs
[    5.338798] msm_eeprom_platform_probe failed 1780
[    5.339348] msm_eeprom_platform_probe failed 1780
[    5.339908] msm_eeprom_platform_probe failed 1780
[    5.348605] MSM-CPP cpp_init_hardware:1133 CPP HW Version: 0x40030003
[    5.348614] MSM-CPP cpp_init_hardware:1151 stream_cnt:0
[    5.348882] MSM-CPP cpp_release_hardware:1214 cpp hw release done
[    5.352021] CAM-SOC msm_camera_get_reg_base:870 err: mem resource vfe_fuse not found
[    5.352024] CAM-SOC msm_camera_get_res_size:913 err: mem resource vfe_fuse not found
[    5.352255] msm_vfe47_get_clks: cannot find camss_vfe_stream_clk
[    5.353508] CAM-SOC msm_camera_get_reg_base:870 err: mem resource vfe_fuse not found
[    5.353511] CAM-SOC msm_camera_get_res_size:913 err: mem resource vfe_fuse not found
[    5.353687] msm_vfe47_get_clks: cannot find camss_vfe_stream_clk
[    5.356689] __msm_jpeg_init:1591] Jpeg Device id 0
[    5.356690] CHRDEV "jpeg0" major number 226 goes below the dynamic allocation range
[    5.358472] usbcore: registered new interface driver uvcvideo
[    5.358474] USB Video Class driver (1.1.1)
[    5.362066] TYPEC: set_property_on_battery: no batt psy found
[    5.362070] TYPEC: ufp_detect_handler: failed to set TYPEC MODE on battery psy rc=-19
[    5.363933] TYPEC: qpnp_typec_probe: TypeC successfully probed state=18 CC-line-state=1
[    5.366437] thermal thermal_zone1: failed to read out thermal zone (-517)
[    5.394884] device-mapper: uevent: version 1.0.3
[    5.395276] device-mapper: ioctl: 4.35.0-ioctl (2016-06-23) initialised: dm-devel@redhat.com
[    5.395567] device-mapper: req-crypt: dm-req-crypt successfully initalized.
[    5.395567] 
[    5.396564] CHRDEV "bt" major number 225 goes below the dynamic allocation range
[    5.396927] sdhci: Secure Digital Host Controller Interface driver
[    5.396929] sdhci: Copyright(c) Pierre Ossman
[    5.396931] sdhci-pltfm: SDHCI platform and OF driver helper
[    5.398451] qcom_ice_get_pdevice: found ice device ec43bb40
[    5.398454] qcom_ice_get_pdevice: matching platform device eca04200
[    5.401605] usbcore: registered new interface driver usbhid
[    5.401608] usbhid: USB HID core driver
[    5.401754] ashmem: initialized
[    5.402463] qpnp_coincell_charger_show_state: enabled=Y, voltage=3200 mV, resistance=2100 ohm
[    5.402554] qcom_ice 7803000.sdcc1ice: QC ICE 2.1.44 device found @0xc67e0000
[    5.403488] mmc0: SDHCI controller on 7824900.sdhci [7824900.sdhci] using 32-bit ADMA in CMDQ mode
[    5.474023] mmc0: Out-of-interrupt timeout is 100[ms]
[    5.474027] mmc0: eMMC FW version: 0x03
[    5.474029] mmc0: CMDQ supported: depth: 16
[    5.474031] mmc0: cache barrier support 0 flush policy 0
[    5.486321] cmdq_host_alloc_tdl: desc_size: 512 data_sz: 31744 slot-sz: 16
[    5.486562] mmc0: CMDQ enabled on card
[    5.486577] mmc0: new HS400 Enhanced strobe MMC card at address 0001
[    5.488864] sdhci_msm_pm_qos_cpu_init (): voted for group #0 (mask=0xf) latency=-1
[    5.488874] sdhci_msm_pm_qos_cpu_init (): voted for group #1 (mask=0xf0) latency=-1
[    5.489007] mmcblk0: mmc0:0001 QE63MB 14.6 GiB 
[    5.490426] mmcblk0rpmb: mmc0:0001 QE63MB partition 3 4.00 MiB
[    5.492595]  mmcblk0: p1 p2 p3 p4 p5 p6 p7 p8 p9 p10 p11 p12 p13 p14 p15 p16 p17 p18 p19 p20 p21 p22 p23 p24 p25 p26 p27 p28 p29 p30 p31 p32 p33 p34 p35 p36 p37 p38 p39 p40 p41 p42 p43 p44 p45 p46 p47 p48 p49 p50 p51 p52
[    5.503911] tz_log 8600720.tz-log: Hyp log service is not supported
[    5.510730] gpio = 1022
[    5.510744] vbus_det_irq = 133
[    5.511063] usbid_gpio = 1
[    5.511142] id_det_irq = 290
[    5.511421] qcom,gpio-usbdetect soc:qcom,usb_detect: setting vbus notification
[    5.512922] bimc-bwmon 408000.qcom,cpu-bwmon: BW HWmon governor registered.
[    5.515547] sdhci_msm 7864900.sdhci: sdhci_msm_probe: ICE device is not enabled
[    5.530980] mmc1: SDHCI controller on 7864900.sdhci [7864900.sdhci] using 32-bit ADMA in legacy mode
[    5.567500] coresight-tmc 6028000.tmc: failed to get flush cti
[    5.567505] coresight-tmc 6028000.tmc: failed to get reset cti
[    5.567512] coresight-tmc 6028000.tmc: failed to get csr, defer probe
[    5.567774] coresight-tmc 6027000.tmc: failed to get flush cti
[    5.567778] coresight-tmc 6027000.tmc: failed to get reset cti
[    5.567783] coresight-tmc 6027000.tmc: failed to get csr, defer probe
[    5.572193] coresight-etm4x 619c000.etm: CPU0: Cortex-A53 ETM v4.0 initialized
[    5.572986] coresight-etm4x 619d000.etm: CPU1: Cortex-A53 ETM v4.0 initialized
[    5.573789] coresight-etm4x 619e000.etm: CPU2: Cortex-A53 ETM v4.0 initialized
[    5.574604] coresight-etm4x 619f000.etm: CPU3: Cortex-A53 ETM v4.0 initialized
[    5.576089] coresight-etm4x 61bc000.etm: CPU4: Cortex-A53 ETM v4.0 initialized
[    5.576927] coresight-etm4x 61bd000.etm: CPU5: Cortex-A53 ETM v4.0 initialized
[    5.577756] coresight-etm4x 61be000.etm: CPU6: Cortex-A53 ETM v4.0 initialized
[    5.578597] coresight-etm4x 61bf000.etm: CPU7: Cortex-A53 ETM v4.0 initialized
[    5.578998] coresight-replicator-qcom 6026000.replicator: REPLICATOR 1.0 initialized
[    5.579316] coresight-stm 6002000.stm: stm_register_device failed, probing deffered
[    5.581051] OF: graph: no port node found in /soc/cti@6010000
[    5.581324] OF: graph: no port node found in /soc/cti@6011000
[    5.581587] OF: graph: no port node found in /soc/cti@6012000
[    5.581834] OF: graph: no port node found in /soc/cti@6013000
[    5.582098] OF: graph: no port node found in /soc/cti@6014000
[    5.582346] OF: graph: no port node found in /soc/cti@6015000
[    5.582632] OF: graph: no port node found in /soc/cti@6016000
[    5.582881] OF: graph: no port node found in /soc/cti@6017000
[    5.583148] OF: graph: no port node found in /soc/cti@6018000
[    5.583418] OF: graph: no port node found in /soc/cti@6019000
[    5.583689] OF: graph: no port node found in /soc/cti@601a000
[    5.583960] OF: graph: no port node found in /soc/cti@601b000
[    5.584230] OF: graph: no port node found in /soc/cti@601c000
[    5.584502] OF: graph: no port node found in /soc/cti@601d000
[    5.584755] OF: graph: no port node found in /soc/cti@601e000
[    5.585048] OF: graph: no port node found in /soc/cti@601f000
[    5.585303] OF: graph: no port node found in /soc/cti@6198000
[    5.585586] OF: graph: no port node found in /soc/cti@6199000
[    5.585852] OF: graph: no port node found in /soc/cti@619a000
[    5.586187] OF: graph: no port node found in /soc/cti@619b000
[    5.586468] OF: graph: no port node found in /soc/cti@61b8000
[    5.586776] OF: graph: no port node found in /soc/cti@61b9000
[    5.587079] OF: graph: no port node found in /soc/cti@61ba000
[    5.587409] OF: graph: no port node found in /soc/cti@61bb000
[    5.587755] OF: graph: no port node found in /soc/cti@6128000
[    5.588035] OF: graph: no port node found in /soc/cti@6124000
[    5.588324] OF: graph: no port node found in /soc/cti@6134000
[    5.588588] OF: graph: no port node found in /soc/cti@6139000
[    5.588898] OF: graph: no port node found in /soc/cti@613c000
[    5.589173] OF: graph: no port node found in /soc/cti@610c000
[    5.589906] coresight-dbgui 6108000.dbgui: DebugUI capture enabled
[    5.590119] coresight-dbgui 6108000.dbgui: DebugUI initializaed
[    5.590948] OF: graph: no port node found in /soc/csr@6001000
[    5.591075] coresight-csr 6001000.csr: CSR initialized: coresight-csr
[    5.591719] OF: graph: no port node found in /soc/hwevent@6101000
[    5.591859] coresight-hwevent 6101000.hwevent: Hardware Event driver initialized
[    5.593024] coresight-remote-etm soc:wcn_etm0: Remote ETM initialized
[    5.593584] coresight-remote-etm soc:rpm_etm0: Remote ETM initialized
[    5.594069] coresight-remote-etm soc:audio_etm0: Remote ETM initialized
[    5.594568] coresight-remote-etm soc:modem_etm0: Remote ETM initialized
[    5.595018] coresight-remote-etm soc:modem_etm1: Remote ETM initialized
[    5.596532] CHRDEV "sensors" major number 224 goes below the dynamic allocation range
[    5.597030] proc create
[    5.597087] quec_devinfo init success!
[    5.597088] fulinux I am here
[    5.597333] usbcore: registered new interface driver snd-usb-audio
[    5.598774] pmic_analog_codec 200f000.qcom,spmi:qcom,pm8953@1:analog-codec@f000: Adsp is not loaded yet 0
[    5.605426] i2c-msm-v2 78b6000.i2c: msm_bus_scale_register_client(mstr-id:86):0x1a (ok)
[    5.605535] wsa881x-i2c-codec 2-000f: No cache used with register defaults set!
[    5.606112] i2c-msm-v2 78b6000.i2c: NACK: slave not responding, ensure its powered: msgs(n:2 cur:0 tx) bc(rx:1 tx:1) mode:FIFO slv_addr:0xf MSTR_STS:0x0d1300c8 OPER:0x00000010
[    5.606146] Failed reading reg=5 - retry(0)
[    5.630226] i2c-msm-v2 78b6000.i2c: NACK: slave not responding, ensure its powered: msgs(n:2 cur:0 tx) bc(rx:1 tx:1) mode:FIFO slv_addr:0xf MSTR_STS:0x0d1300c8 OPER:0x00000010
[    5.630260] Failed reading reg=5 - retry(1)
[    5.630319] msm-dai-tdm soc:qcom,msm-dai-tdm-pri-rx: msm_dai_tdm_q6_probe: dev_name: soc:qcom,msm-dai-tdm-pri-rx group_id: 0x9100
[    5.630939] msm-dai-q6-tdm soc:qcom,msm-dai-tdm-pri-rx:qcom,msm-dai-q6-tdm-pri-rx-0: msm_dai_q6_tdm_dev_probe: dev_name: soc:qcom,msm-dai-tdm-pri-rx:qcom,msm-dai-q6-tdm-pri-rx-0 dev_id: 0x9000
[    5.630954] msm-dai-q6-tdm soc:qcom,msm-dai-tdm-pri-rx:qcom,msm-dai-q6-tdm-pri-rx-0: msm_dai_q6_tdm_dev_probe: Custom tdm header not supported
[    5.631016] msm-dai-tdm soc:qcom,msm-dai-tdm-pri-tx: msm_dai_tdm_q6_probe: dev_name: soc:qcom,msm-dai-tdm-pri-tx group_id: 0x9101
[    5.631562] msm-dai-q6-tdm soc:qcom,msm-dai-tdm-pri-tx:qcom,msm-dai-q6-tdm-pri-tx-0: msm_dai_q6_tdm_dev_probe: dev_name: soc:qcom,msm-dai-tdm-pri-tx:qcom,msm-dai-q6-tdm-pri-tx-0 dev_id: 0x9001
[    5.631574] msm-dai-q6-tdm soc:qcom,msm-dai-tdm-pri-tx:qcom,msm-dai-q6-tdm-pri-tx-0: msm_dai_q6_tdm_dev_probe: Custom tdm header not supported
[    5.631622] msm-dai-tdm soc:qcom,msm-dai-tdm-sec-rx: msm_dai_tdm_q6_probe: dev_name: soc:qcom,msm-dai-tdm-sec-rx group_id: 0x9110
[    5.632067] msm-dai-q6-tdm soc:qcom,msm-dai-tdm-sec-rx:qcom,msm-dai-q6-tdm-sec-rx-0: msm_dai_q6_tdm_dev_probe: dev_name: soc:qcom,msm-dai-tdm-sec-rx:qcom,msm-dai-q6-tdm-sec-rx-0 dev_id: 0x9010
[    5.632080] msm-dai-q6-tdm soc:qcom,msm-dai-tdm-sec-rx:qcom,msm-dai-q6-tdm-sec-rx-0: msm_dai_q6_tdm_dev_probe: Custom tdm header not supported
[    5.632128] msm-dai-tdm soc:qcom,msm-dai-tdm-sec-tx: msm_dai_tdm_q6_probe: dev_name: soc:qcom,msm-dai-tdm-sec-tx group_id: 0x9111
[    5.632558] msm-dai-q6-tdm soc:qcom,msm-dai-tdm-sec-tx:qcom,msm-dai-q6-tdm-sec-tx-0: msm_dai_q6_tdm_dev_probe: dev_name: soc:qcom,msm-dai-tdm-sec-tx:qcom,msm-dai-q6-tdm-sec-tx-0 dev_id: 0x9011
[    5.632570] msm-dai-q6-tdm soc:qcom,msm-dai-tdm-sec-tx:qcom,msm-dai-q6-tdm-sec-tx-0: msm_dai_q6_tdm_dev_probe: Custom tdm header not supported
[    5.632617] msm-dai-tdm soc:qcom,msm-dai-tdm-tert-rx: msm_dai_tdm_q6_probe: dev_name: soc:qcom,msm-dai-tdm-tert-rx group_id: 0x9120
[    5.633066] msm-dai-q6-tdm soc:qcom,msm-dai-tdm-tert-rx:qcom,msm-dai-q6-tdm-tert-rx-0: msm_dai_q6_tdm_dev_probe: dev_name: soc:qcom,msm-dai-tdm-tert-rx:qcom,msm-dai-q6-tdm-tert-rx-0 dev_id: 0x9020
[    5.633078] msm-dai-q6-tdm soc:qcom,msm-dai-tdm-tert-rx:qcom,msm-dai-q6-tdm-tert-rx-0: msm_dai_q6_tdm_dev_probe: Custom tdm header not supported
[    5.633126] msm-dai-tdm soc:qcom,msm-dai-tdm-tert-tx: msm_dai_tdm_q6_probe: dev_name: soc:qcom,msm-dai-tdm-tert-tx group_id: 0x9121
[    5.633551] msm-dai-q6-tdm soc:qcom,msm-dai-tdm-tert-tx:qcom,msm-dai-q6-tdm-tert-tx-0: msm_dai_q6_tdm_dev_probe: dev_name: soc:qcom,msm-dai-tdm-tert-tx:qcom,msm-dai-q6-tdm-tert-tx-0 dev_id: 0x9021
[    5.633562] msm-dai-q6-tdm soc:qcom,msm-dai-tdm-tert-tx:qcom,msm-dai-q6-tdm-tert-tx-0: msm_dai_q6_tdm_dev_probe: Custom tdm header not supported
[    5.633613] msm-dai-tdm soc:qcom,msm-dai-tdm-quat-rx: msm_dai_tdm_q6_probe: dev_name: soc:qcom,msm-dai-tdm-quat-rx group_id: 0x9130
[    5.634036] msm-dai-q6-tdm soc:qcom,msm-dai-tdm-quat-rx:qcom,msm-dai-q6-tdm-quat-rx-0: msm_dai_q6_tdm_dev_probe: dev_name: soc:qcom,msm-dai-tdm-quat-rx:qcom,msm-dai-q6-tdm-quat-rx-0 dev_id: 0x9030
[    5.634047] msm-dai-q6-tdm soc:qcom,msm-dai-tdm-quat-rx:qcom,msm-dai-q6-tdm-quat-rx-0: msm_dai_q6_tdm_dev_probe: Custom tdm header not supported
[    5.634095] msm-dai-tdm soc:qcom,msm-dai-tdm-quat-tx: msm_dai_tdm_q6_probe: dev_name: soc:qcom,msm-dai-tdm-quat-tx group_id: 0x9131
[    5.634569] msm-dai-q6-tdm soc:qcom,msm-dai-tdm-quat-tx:qcom,msm-dai-q6-tdm-quat-tx-0: msm_dai_q6_tdm_dev_probe: dev_name: soc:qcom,msm-dai-tdm-quat-tx:qcom,msm-dai-q6-tdm-quat-tx-0 dev_id: 0x9031
[    5.634581] msm-dai-q6-tdm soc:qcom,msm-dai-tdm-quat-tx:qcom,msm-dai-q6-tdm-quat-tx-0: msm_dai_q6_tdm_dev_probe: Custom tdm header not supported
[    5.634629] msm-dai-tdm soc:qcom,msm-dai-tdm-quin-rx: msm_dai_tdm_q6_probe: dev_name: soc:qcom,msm-dai-tdm-quin-rx group_id: 0x9140
[    5.635052] msm-dai-q6-tdm soc:qcom,msm-dai-tdm-quin-rx:qcom,msm-dai-q6-tdm-quin-rx-0: msm_dai_q6_tdm_dev_probe: dev_name: soc:qcom,msm-dai-tdm-quin-rx:qcom,msm-dai-q6-tdm-quin-rx-0 dev_id: 0x9040
[    5.635065] msm-dai-q6-tdm soc:qcom,msm-dai-tdm-quin-rx:qcom,msm-dai-q6-tdm-quin-rx-0: msm_dai_q6_tdm_dev_probe: Custom tdm header not supported
[    5.635112] msm-dai-tdm soc:qcom,msm-dai-tdm-quin-tx: msm_dai_tdm_q6_probe: dev_name: soc:qcom,msm-dai-tdm-quin-tx group_id: 0x9141
[    5.635534] msm-dai-q6-tdm soc:qcom,msm-dai-tdm-quin-tx:qcom,msm-dai-q6-tdm-quin-tx-0: msm_dai_q6_tdm_dev_probe: dev_name: soc:qcom,msm-dai-tdm-quin-tx:qcom,msm-dai-q6-tdm-quin-tx-0 dev_id: 0x9041
[    5.635546] msm-dai-q6-tdm soc:qcom,msm-dai-tdm-quin-tx:qcom,msm-dai-q6-tdm-quin-tx-0: msm_dai_q6_tdm_dev_probe: Custom tdm header not supported
[    5.641964] msm_soc_routing_platform_init msm_soc_routing_platform_init
[    5.641967] msm_routing_init_cal_data
[    5.642238] msm-pcm-routing soc:qcom,msm-pcm-routing: dev name soc:qcom,msm-pcm-routing
[    5.648842] audio_notifier_init: PDR register failed, ret = -19, disable service
[    5.649154] audio_apr soc:qcom,msm-audio-apr: apr_probe
[    5.649474] audio_notifer_reg_service: service SSR_ADSP is in use
[    5.649480] audio_notifer_reg_service: service SSR_MODEM is in use
[    5.651329] u32 classifier
[    5.651331]     Actions configured
[    5.651340] Netfilter messages via NETLINK v0.30.
[    5.651739] nf_conntrack version 0.5.0 (16384 buckets, 65536 max)
[    5.652155] ctnetlink v0.93: registering with nfnetlink.
[    5.653163] xt_time: kernel timezone is -0000
[    5.653283] IPv4 over IPsec tunneling driver
[    5.654065] ip_tables: (C) 2000-2006 Netfilter Core Team
[    5.654846] arp_tables: arp_tables: (C) 2002 David S. Miller
[    5.654927] Initializing XFRM netlink socket
[    5.655794] NET: Registered protocol family 10
[    5.657022] mip6: Mobile IPv6
[    5.657050] ip6_tables: (C) 2000-2006 Netfilter Core Team
[    5.658256] sit: IPv6, IPv4 and MPLS over IPv4 tunneling driver
[    5.659627] NET: Registered protocol family 17
[    5.659654] NET: Registered protocol family 15
[    5.659690] bridge: filtering via arp/ip/ip6tables is no longer available by default. Update your scripts to load br_netfilter if you need this.
[    5.659694] Ebtables v2.0 registered
[    5.659785] l2tp_core: L2TP core driver, V2.0
[    5.659798] l2tp_ppp: PPPoL2TP kernel driver, V2.0
[    5.659800] l2tp_ip: L2TP IP encapsulation support (L2TPv3)
[    5.659820] l2tp_netlink: L2TP netlink interface
[    5.659888] l2tp_eth: L2TP ethernet pseudowire support (L2TPv3)
[    5.659925] l2tp_debugfs: L2TP debugfs support
[    5.659927] l2tp_ip6: L2TP IP encapsulation support for IPv6 (L2TPv3)
[    5.660016] sctp: Hash tables configured (bind 128/204)
[    5.660620] Key type dns_resolver registered
[    5.661836] NET: Registered protocol family 27
[    5.662728] spmi spmi-0: error: impermissible write to peripheral sid:0 addr:0xc441
[    5.662734] qcom-spmi-gpio 200f000.qcom,spmi:qcom,pm8953@0:pinctrl@c000: write 0x41 failed
[    5.662744] adv_vreg: Failed to request enable GPIO1021: -19
[    5.662751] reg-fixed-voltage soc:adv_vreg: Failed to register regulator: -19
[    5.670217] i2c-msm-v2 78b6000.i2c: NACK: slave not responding, ensure its powered: msgs(n:2 cur:0 tx) bc(rx:1 tx:1) mode:FIFO slv_addr:0xf MSTR_STS:0x0d1300c8 OPER:0x00000010
[    5.670252] Failed reading reg=5 - retry(2)
[    5.673509] minidump-id not found for adsp
[    5.674931] minidump-id not found for wcnss
[    5.675136] subsys-pil-tz a21b000.qcom,pronto: for wcnss segments only will be dumped.
[    5.676437] minidump-id not found for modem
[    5.677122] pil-q6v5-mss 4080000.qcom,mss: for modem segments only will be dumped.
[    5.677234] pil-q6v5-mss 4080000.qcom,mss: for md_modem segments only will be dumped.
[    5.686539] sps:BAM 0x07104000 is registered.
[    5.686539] msm-dwc3 7000000.ssusb: Could not get usb power_supply
[    5.686620] msm-dwc3 7000000.ssusb: Could not get usb psy
[    5.686882] CHRDEV "byte-cntr" major number 223 goes below the dynamic allocation range
[    5.689197] sps:BAM 0x06044000 is registered.
[    5.689198] CHRDEV "6002000.stm" major number 222 goes below the dynamic allocation range
[    5.689612] coresight-stm 6002000.stm: STM32 initialized
[    5.690208] pmic_analog_codec 200f000.qcom,spmi:qcom,pm8953@1:analog-codec@f000: Adsp is not loaded yet 0
[    5.692166] Registering SWP/SWPB emulation handler
[    5.692827] registered taskstats version 1
[    5.696676] qcom,cc-debug-8953 1874000.qcom,cc-debug: Registered Debug Mux successfully
[    5.698675] ---+++ get pwm-freq prop failed
[    5.698678] ---+++ get pwm-duty prop failed
[    5.698773] ---+++ gpio_clk_probe succeeded
[    5.701366] msm_smem 86300000.qcom,smem: for smem segments only will be dumped.
[    5.702252] msm-dwc3 7000000.ssusb: DWC3 exited from low power mode
[    5.704710] iommu: Adding device soc:qcom,msm_fastrpc:qcom,msm_fastrpc_compute_cb to group 12
[    5.706750] CHRDEV "adsprpc-smd" major number 221 goes below the dynamic allocation range
[    5.707567] pmic_analog_codec 200f000.qcom,spmi:qcom,pm8953@1:analog-codec@f000: Adsp is not loaded yet 0
[    5.711181] input: soc:gpio_keys as /devices/platform/soc/soc:gpio_keys/input/input3
[    5.711845] pmic_analog_codec 200f000.qcom,spmi:qcom,pm8953@1:analog-codec@f000: Adsp is not loaded yet 0
[    5.715469] qcom,qpnp-rtc 200f000.qcom,spmi:qcom,pm8953@0:qcom,pm8953_rtc: setting system clock to 1970-01-01 03:06:54 UTC (11214)
[    5.717178] pmic_analog_codec 200f000.qcom,spmi:qcom,pm8953@1:analog-codec@f000: Adsp is not loaded yet 0
[    5.719155] cpuidle: enable-method property 'psci' found operations
[    5.719160] cpuidle: enable-method property 'psci' found operations
[    5.719163] cpuidle: enable-method property 'psci' found operations
[    5.719166] cpuidle: enable-method property 'psci' found operations
[    5.719169] cpuidle: enable-method property 'psci' found operations
[    5.719172] cpuidle: enable-method property 'psci' found operations
[    5.719176] cpuidle: enable-method property 'psci' found operations
[    5.719179] cpuidle: enable-method property 'psci' found operations
[    5.719452] lpm_levels_of: idx 1 276
[    5.719464] lpm_levels_of: Residency < 0 for LPM
[    5.719717] lpm_levels_of: idx 1 286
[    5.719761] lpm_levels_of: Residency < 0 for LPM
[    5.720144] lpm_levels: register_cluster_lpm_stats()
[    5.720255] i2c-msm-v2 78b6000.i2c: NACK: slave not responding, ensure its powered: msgs(n:2 cur:0 tx) bc(rx:1 tx:1) mode:FIFO slv_addr:0xf MSTR_STS:0x0d1300c8 OPER:0x00000010
[    5.720288] Failed reading reg=5 - retry(3)
[    5.720511] lpm_levels: register_cluster_lpm_stats()
[    5.726992] rmnet_ipa started initialization
[    5.726996] IPA SSR support = True
[    5.726999] IPA ipa-loaduC = True
[    5.727001] IPA SG support = True
[    5.727004] IPA Napi Enable = False
[    5.727007] using default for wan-rx-desc-size = 1024
[    5.727716] pmic_analog_codec 200f000.qcom,spmi:qcom,pm8953@1:analog-codec@f000: Adsp is not loaded yet 0
[    5.772672] CHRDEV "wwan_ioctl" major number 220 goes below the dynamic allocation range
[    5.773933] ipa ipa_sps_irq_control_all:963 EP (5) not allocated.
[    5.773939] ipa ipa2_uc_state_check:302 uC is not loaded
[    5.783034] i2c-msm-v2 78b6000.i2c: NACK: slave not responding, ensure its powered: msgs(n:2 cur:0 tx) bc(rx:1 tx:1) mode:FIFO slv_addr:0xf MSTR_STS:0x0d1300c8 OPER:0x00000010
[    5.783065] Failed reading reg=5 - retry(4)
[    5.800986] rmnet_ipa completed initialization
[    5.801568] pmic_analog_codec 200f000.qcom,spmi:qcom,pm8953@1:analog-codec@f000: Adsp is not loaded yet 0
[    5.802918] RNDIS_IPA module is loaded.
[    5.802918] clock_late_init: Removing enables held for handed-off clocks
[    5.820992] apc_mem_acc_corner: disabling
[    5.820995] gfx_mem_acc_corner: disabling
[    5.821126] oem_otg_ext_vreg: disabling
[    5.821134] regulator_proxy_consumer_remove_all: removing regulator proxy consumer requests
[    5.821394] ALSA device list:
[    5.821396]   No soundcards found.
[    5.850247] i2c-msm-v2 78b6000.i2c: NACK: slave not responding, ensure its powered: msgs(n:2 cur:0 tx) bc(rx:1 tx:1) mode:FIFO slv_addr:0xf MSTR_STS:0x0d1300c8 OPER:0x00000010
[    5.850281] Failed reading reg=5 rc=-107
[    5.850286] wsa881x-i2c-codec 2-000f: failed to read wsa881x with addr f
[    5.850290] wsa881x-i2c-codec 2-000f: failed to ping wsa with addr:f, ret = -107
[    5.851084] pmic_analog_codec 200f000.qcom,spmi:qcom,pm8953@1:analog-codec@f000: Adsp is not loaded yet 0
[    5.852001] msm8952-asoc-wcd c051000.sound: msm8952_asoc_machine_probe:of read string qcom,msm-ext-pa i 0 ret 0
[    5.852009] msm8952-asoc-wcd c051000.sound: msm8952_asoc_machine_probe: missing qcom,msm-spk-ext-pa in dt node
[    5.852025] msm8952-asoc-wcd c051000.sound: is_ext_spk_gpio_support: missing qcom,msm-spk-ext-pa in dt node
[    5.852039] msm8952-asoc-wcd c051000.sound: Headset is using internal micbias
[    5.853087] msm8952-asoc-wcd c051000.sound: ASoC: platform /soc/qcom,msm-pcm-voice not registered
[    5.853100] msm8952-asoc-wcd c051000.sound: snd_soc_register_card failed (-517)
[    5.867899] mmc1: new high speed SD card at address 21e9
[    5.869170] sdhci_msm_pm_qos_cpu_init (): voted for group #0 (mask=0xf) latency=-1
[    5.869181] sdhci_msm_pm_qos_cpu_init (): voted for group #1 (mask=0xf0) latency=-1
[    5.869349] mmcblk1: mmc1:21e9 APPSD 1.88 GiB 
[    5.874535]  mmcblk1: p1
[    5.875960] pmic_analog_codec 200f000.qcom,spmi:qcom,pm8953@1:analog-codec@f000: Adsp is not loaded yet 0
[    5.877017] msm8952-asoc-wcd c051000.sound: msm8952_asoc_machine_probe:of read string qcom,msm-ext-pa i 0 ret 0
[    5.877025] msm8952-asoc-wcd c051000.sound: msm8952_asoc_machine_probe: missing qcom,msm-spk-ext-pa in dt node
[    5.877041] msm8952-asoc-wcd c051000.sound: is_ext_spk_gpio_support: missing qcom,msm-spk-ext-pa in dt node
[    5.877055] msm8952-asoc-wcd c051000.sound: Headset is using internal micbias
[    5.878138] msm8952-asoc-wcd c051000.sound: ASoC: platform /soc/qcom,msm-pcm-voice not regù[    7.904894] spmi spmi-0: error: impermissible write to peripheral sid:0 addr:0xc141
[    7.904927] qcom-spmi-gpio 200f000.qcom,spmi:qcom,pm8953@0:pinctrl@c000: write 0x41 failed
[    7.911380] nq-nci 5-0028: nqx_probe: cannot set direction for nfc clkreq gpio [1019]
[    7.919718] nq-nci 5-0028: nqx_probe: probing nqxx failed, check hardware
[    7.938183] EXT4-fs (mmcblk0p27): mounted filesystem with ordered data mode. Opts: (null)
[    7.938263] VFS: Mounted root (ext4 filesystem) on device 179:27.
[    7.948116] Freeing unused kernel memory: 2048K
[    8.254613] SELinux:  Class bpf not defined in policy.
[    8.254642] SELinux: the above unknown classes and permissions will be allowed
[    8.524140] audit: type=1403 audit(11217.299:2): policy loaded auid=4294967295 ses=4294967295
[    8.763349] mount (389) used greatest stack depth: 5308 bytes left
[    8.785740] selinuxenabled (391) used greatest stack depth: 3756 bytes left
[   10.245674] audit: type=1400 audit(11219.019:3): avc:  denied  { getattr } for  pid=998 comm="mount" path="/dev/mmcblk1p1" dev="tmpfs" ino=9072 scontext=system_u:system_r:mount_t:s0-s15:c0.c1023 tcontext=system_u:object_r:tmpfs_t:s0 tclass=blk_file permissive=1
[   10.564779] FAT-fs (mmcblk1p1): Volume was not properly unmounted. Some data may be corrupt. Please run fsck.
[   12.332681] audit: type=1400 audit(11221.109:4): avc:  denied  { setattr } for  pid=1909 comm="restorecon" name="/" dev="tmpfs" ino=8893 scontext=system_u:system_r:setfiles_t:s0-s15:c0.c1023 tcontext=system_u:object_r:device_t:s0 tclass=dir permissive=1
[   12.380443] audit: type=1400 audit(11221.159:5): avc:  denied  { read } for  pid=1912 comm="bootlogd" name="/" dev="tmpfs" ino=17925 scontext=system_u:system_r:bootlogd_t:s0-s15:c0.c1023 tcontext=system_u:object_r:tmpfs_t:s0 tclass=dir permissive=1
[   12.423610] EXT4-fs (mmcblk0p27): re-mounted. Opts: data=ordered
[   12.448140] EXT4-fs (mmcblk0p25): mounted filesystem with ordered data mode. Opts: data=ordered,noauto_da_alloc,discard
[   13.172887] audit: type=1400 audit(11221.949:6): avc:  denied  { execute } for  pid=2206 comm="dmesg" path="/bin/busybox" dev="mmcblk0p27" ino=23 scontext=system_u:system_r:dmesg_t:s0-s15:c0.c1023 tcontext=system_u:object_r:bin_t:s0 tclass=file permissive=1
[   13.186383] audit: type=1400 audit(11221.959:7): avc:  denied  { read execute } for  pid=2208 comm="hostname" path="/bin/busybox" dev="mmcblk0p27" ino=23 scontext=system_u:system_r:hostname_t:s0-s15:c0.c1023 tcontext=system_u:object_r:bin_t:s0 tclass=file permissive=1
[   13.635420] logd.auditd: start
[   13.635535] logd.klogd: 13635474525
[   13.736818] type=1400 audit(1636021809.479:8): avc: denied { execute } for pid=2274 comm="ip" path="/bin/busybox" dev="mmcblk0p27" ino=23 scontext=system_u:system_r:ifconfig_t:s0-s15:c0.c1023 tcontext=system_u:object_r:bin_t:s0 tclass=file permissive=1
[   13.913277] type=1400 audit(11223.019:9): avc: denied { read execute } for pid=2309 comm="syslogd" path="/bin/busybox" dev="mmcblk0p27" ino=23 scontext=system_u:system_r:syslogd_t:s15:c0.c1023 tcontext=system_u:object_r:bin_t:s0 tclass=file permissive=1
[   13.997790] Mass Storage Function, version: 2009/09/11
[   13.997828] LUN: removable file: (no medium)
[   14.024668] Mass Storage Function, version: 2009/09/11
[   14.024704] LUN: removable file: (no medium)
[   14.032697] file system registered
[   14.044154] CHRDEV "msm_usb_bridge" major number 219 goes below the dynamic allocation range
[   14.060347] f_cdev_alloc: port_name:at_usb0 (eadc1400) portno:(0)
[   14.066567] f_cdev_alloc: port_name:at_usb1 (ea208c00) portno:(1)
[   14.070761] CHRDEV "usb_rndis" major number 218 goes below the dynamic allocation range
[   14.215502] Switching to composition number 0x901D
[   14.263652] Starting adbd:  [   14.339292] fs_mgr: Warning: unknown flag 0
[   14.339340] fs_mgr: Warning: unknown flag 0
[   14.342419] fs_mgr: Warning: unknown flag 0
[   14.344358] read descriptors
[   14.344496] read strings
[   14.353773] fs_mgr: Warning: unknown flag 0
[   14.356283] fs_mgr: Warning: unknown flag 0
[  134.582809] EXT4-fs (mmcblk0p25): mounted filesystem with ordered data mode. Opts: (null)
[  134.712274] mdss_fb_release_all: try to close unopened fb 2! from pid:2405 name:recovery
[  134.712335] mdss_fb_release_all: try to close unopened fb 1! from pid:2405 name:recovery
[  134.719449] mdss_fb_release_all: try to close unopened fb 0! from pid:2405 name:recovery
[  134.728952] reboot: Restarting systõ
Format: Log Type - Time(microsec) - Message - Optional Info
Log Type: B - Since Boot(Power On Reset),  D - Delta,  S - Statistic
S - QC_IMAGE_VERSION_STRING=BOOT.BF.3.3.2-00075
S - IMAGE_VARIANT_STRING=JAASANAZA
S - OEM_IMAGE_VERSION_STRING=HF-DEMPSEY
S - Secure Boot: Off
S - JTAG ID @ 0x000a4120 = 0x5480009a
S - Serial Number @ 0x000a4128 = 0x0b6d9fd0
S - OEM Config Row 0 @ 0x000a4150 = 0x000000002c000000
S - OEM Config Row 1 @ 0x000a4158 = 0x0000000000000000
S - Feature Config Row 0 @ 0x000a4160 = 0x0107a04000100100
S - Feature Config Row 1 @ 0x000a4168 = 0x02c2f80305000805
S - Boot Config, 0x000000e1
B -       269 - PBL, Start
B -      3107 - bootable_media_detect_entry, Start
B -     48178 - bootable_media_detect_success, Start
B -     48184 - elf_loader_entry, Start
B -     49782 - auth_hash_seg_entry, Start
B -     50075 - auth_hash_seg_exit, Start
B -     84337 - elf_segs_hash_verify_entry, Start
B -    234185 - PBL, End
B -    244915 - SBL1, Start
B -    329400 - pm_device_init, Start
B -    332389 - PON REASON: PM0=0x200000001 
B -    333243 - pm_sbl_pre_config:Done
B -    350079 - PM_SET_VAL:Skip
D -     21929 - pm_device_init, Delta
B -    351329 - usb: hs_phy_nondrive_start
B -    354227 - usb: hs_phy_nondrive_finish
B -    357765 - boot_flash_init, Start
D -         0 - boot_flash_init, Delta
B -    364658 - boot_config_data_table_init, Start
D -      4331 - boot_config_data_table_init, Delta - (0 Bytes)
B -    374631 - CDT version:3,Platform ID:8,Major ID:1,Minor ID:0,Subtype:0
B -    381494 - sbl1_ddr_set_params, Start
B -    385977 - cpr_init, Start
D -      1098 - cpr_init, Delta
B -    390888 - Pre_DDR_clock_init, Start
D -       244 - Pre_DDR_clock_init, Delta
D -         0 - sbl1_ddr_set_params, Delta
B -    403698 - do ddr sanity test, Start
D -       335 - do ddr sanity test, Delta
B -    409706 - pm_driver_init, Start
B -    415318 - PM: INFO: pm_sbl_chg_init
B -    416691 - charger module absent, it's by design if using external charger
D -     10949 - pm_driver_init, Delta
B -    430751 - DDR Training restore, Start
B -    432764 - DDR Training restore, End
B -    442738 - clock_init, Start
D -       183 - clock_init, Delta
B -    443012 - Image Load, Start
D -     83326 - QSEE Image Loaded, Delta - (1519044 Bytes)
B -    526369 - Image Load, Start
D -       305 - SEC Image Loaded, Delta - (2048 Bytes)
B -    533689 - PM0: PON1=0x1:HARD_RESET | POFF1=0x2:PS_HOLD
B -    538660 - sbl1_efs_handle_cookies, Start
D -       610 - sbl1_efs_handle_cookies, Delta
B -    546865 - Image Load, Start
D -     11132 - DEVCFG Image Loaded, Delta - (34452 Bytes)
B -    558485 - Image Load, Start
D -     18910 - RPM Image Loaded, Delta - (169540 Bytes)
B -    577426 - Image Load, Start
D -     54930 - APPSBL Image Loaded, Delta - (645380 Bytes)
B -    632356 - QSEE Execution, Start
D -        61 - QSEE Execution, Delta
B -    638060 - USB D+ check, Start
B -    643275 - usb: PMIC vbus detect failed
D -      3873 - USB D+ check, Delta
B -    648460 - SBL1, End
D -    405894 - SBL1, Delta
S - Flash Throughput, 30000 KB/s  (2373560 Bytes,  77276 us)
S - DDR Frequency, 931 MHz
S - Core 0 Frequency, 800 MHz
Android Bootloader - UART_DM Initialized!!!
[0] welcome to lk

[10] platform_init()
[10] target_init()
[30] SDHC Running in HS400 mode
[40] Done initialization of the card
[40] SPMI read command failure: 			cmd_id = 1, error = 2
[40] SPMI read command failure: 			cmd_id = 1, error = 2
[50] pm8x41_get_is_cold_boot: cold boot
[50] SPMI read command failure: 			cmd_id = 1, error = 2
[60] SPMI read command failure: 			cmd_id = 1, error = 2
[60] SPMI read command failure: 			cmd_id = 1, error = 2
[70] SPMI read command failure: 			cmd_id = 1, error = 2
[70] SPMI read command failure: 			cmd_id = 1, error = 2
[80] SPMI read command failure: 			cmd_id = 1, error = 2
[80] SPMI read command failure: 			cmd_id = 1, error = 2
[90] SPMI read command failure: 			cmd_id = 1, error = 2
[90] SPMI read command failure: 			cmd_id = 1, error = 2
[100] SPMI read command failure: 			cmd_id = 1, error = 2
[100] SPMI read command failure: 			cmd_id = 1, error = 2
[110] SPMI read command failure: 			cmd_id = 1, error = 2
[110] SPMI read command failure: 			cmd_id = 1, error = 2
[120] SPMI read command failure: 			cmd_id = 1, error = 2
[120] SPMI read command failure: 			cmd_id = 1, error = 2
[130] Waiting for the RPM to populate smd channel table
[130] Not able to search the panel:
[140] panel_operating_mode=0x0
[150] SPMI read command failure: 			cmd_id = 1, error = 2
[150] SPMI read command failure: 			cmd_id = 1, error = 2
[160] SPMI read command failure: 			cmd_id = 1, error = 2
[160] SPMI read command failure: 			cmd_id = 1, error = 2
[170] SPMI read command failure: 			cmd_id = 1, error = 2
[170] SPMI read command failure: 			cmd_id = 1, error = 2
[180] SPMI read command failure: 			cmd_id = 1, error = 2
[190] SPMI read command failure: 			cmd_id = 1, error = 2
[190] SPMI read command failure: 			cmd_id = 1, error = 2
[200] SPMI read command failure: 			cmd_id = 1, error = 2
[200] SPMI read command failure: 			cmd_id = 1, error = 2
[210] SPMI read command failure: 			cmd_id = 1, error = 2
[210] SPMI read command failure: 			cmd_id = 1, error = 2
[220] SPMI read command failure: 			cmd_id = 1, error = 2
[220] SPMI read command failure: 			cmd_id = 1, error = 2
[230] SPMI read command failure: 			cmd_id = 1, error = 2
[230] SPMI read command failure: 			cmd_id = 1, error = 2
